../Drivers/STM32C0xx_HAL_Driver/Inc/stm32c0xx_ll_adc.h:1709:26:LL_ADC_GetCommonClock	16	static
../Drivers/STM32C0xx_HAL_Driver/Inc/stm32c0xx_ll_adc.h:1900:26:LL_ADC_GetClock	16	static
../Drivers/STM32C0xx_HAL_Driver/Inc/stm32c0xx_ll_adc.h:1920:22:LL_ADC_SetCalibrationFactor	16	static
../Drivers/STM32C0xx_HAL_Driver/Inc/stm32c0xx_ll_adc.h:1936:26:LL_ADC_GetCalibrationFactor	16	static
../Drivers/STM32C0xx_HAL_Driver/Inc/stm32c0xx_ll_adc.h:4236:22:LL_ADC_DisableInternalRegulator	16	static
../Drivers/STM32C0xx_HAL_Driver/Inc/stm32c0xx_ll_adc.h:4268:22:LL_ADC_Enable	16	static
../Drivers/STM32C0xx_HAL_Driver/Inc/stm32c0xx_ll_adc.h:4288:22:LL_ADC_Disable	16	static
../Drivers/STM32C0xx_HAL_Driver/Inc/stm32c0xx_ll_adc.h:4307:26:LL_ADC_IsEnabled	16	static
../Drivers/STM32C0xx_HAL_Driver/Inc/stm32c0xx_ll_adc.h:4351:22:LL_ADC_StartCalibration	16	static
../Drivers/STM32C0xx_HAL_Driver/Inc/stm32c0xx_ll_adc.h:4367:26:LL_ADC_IsCalibrationOnGoing	16	static
../Drivers/STM32C0xx_HAL_Driver/Inc/stm32c0xx_ll_adc.h:4434:26:LL_ADC_REG_IsConversionOngoing	16	static
../Drivers/STM32C0xx_HAL_Driver/Src/stm32c0xx_hal_adc_ex.c:105:19:HAL_ADCEx_Calibration_Start	56	static
../Drivers/STM32C0xx_HAL_Driver/Src/stm32c0xx_hal_adc_ex.c:250:10:HAL_ADCEx_Calibration_GetValue	16	static
../Drivers/STM32C0xx_HAL_Driver/Src/stm32c0xx_hal_adc_ex.c:266:19:HAL_ADCEx_Calibration_SetValue	24	static
../Drivers/STM32C0xx_HAL_Driver/Src/stm32c0xx_hal_adc_ex.c:312:13:HAL_ADCEx_LevelOutOfWindow2Callback	16	static
../Drivers/STM32C0xx_HAL_Driver/Src/stm32c0xx_hal_adc_ex.c:327:13:HAL_ADCEx_LevelOutOfWindow3Callback	16	static
../Drivers/STM32C0xx_HAL_Driver/Src/stm32c0xx_hal_adc_ex.c:343:13:HAL_ADCEx_EndOfSamplingCallback	16	static
../Drivers/STM32C0xx_HAL_Driver/Src/stm32c0xx_hal_adc_ex.c:358:13:HAL_ADCEx_ChannelConfigReadyCallback	16	static
../Drivers/STM32C0xx_HAL_Driver/Src/stm32c0xx_hal_adc_ex.c:381:19:HAL_ADCEx_DisableVoltageRegulator	24	static
