Archive member included to satisfy reference by file (symbol)

C:/ST/STM32CubeIDE_1.15.1/STM32CubeIDE/plugins/com.st.stm32cube.ide.mcu.externaltools.gnu-tools-for-stm32.12.3.rel1.win32_1.0.100.202403111256/tools/bin/../lib/gcc/arm-none-eabi/12.3.1/../../../../arm-none-eabi/lib/thumb/v6-m/nofp\libc_nano.a(libc_a-exit.o)
                              C:/ST/STM32CubeIDE_1.15.1/STM32CubeIDE/plugins/com.st.stm32cube.ide.mcu.externaltools.gnu-tools-for-stm32.12.3.rel1.win32_1.0.100.202403111256/tools/bin/../lib/gcc/arm-none-eabi/12.3.1/../../../../arm-none-eabi/lib/thumb/v6-m/nofp/crt0.o (exit)
C:/ST/STM32CubeIDE_1.15.1/STM32CubeIDE/plugins/com.st.stm32cube.ide.mcu.externaltools.gnu-tools-for-stm32.12.3.rel1.win32_1.0.100.202403111256/tools/bin/../lib/gcc/arm-none-eabi/12.3.1/../../../../arm-none-eabi/lib/thumb/v6-m/nofp\libc_nano.a(libc_a-findfp.o)
                              C:/ST/STM32CubeIDE_1.15.1/STM32CubeIDE/plugins/com.st.stm32cube.ide.mcu.externaltools.gnu-tools-for-stm32.12.3.rel1.win32_1.0.100.202403111256/tools/bin/../lib/gcc/arm-none-eabi/12.3.1/../../../../arm-none-eabi/lib/thumb/v6-m/nofp\libc_nano.a(libc_a-exit.o) (__stdio_exit_handler)
C:/ST/STM32CubeIDE_1.15.1/STM32CubeIDE/plugins/com.st.stm32cube.ide.mcu.externaltools.gnu-tools-for-stm32.12.3.rel1.win32_1.0.100.202403111256/tools/bin/../lib/gcc/arm-none-eabi/12.3.1/../../../../arm-none-eabi/lib/thumb/v6-m/nofp\libc_nano.a(libc_a-fwalk.o)
                              C:/ST/STM32CubeIDE_1.15.1/STM32CubeIDE/plugins/com.st.stm32cube.ide.mcu.externaltools.gnu-tools-for-stm32.12.3.rel1.win32_1.0.100.202403111256/tools/bin/../lib/gcc/arm-none-eabi/12.3.1/../../../../arm-none-eabi/lib/thumb/v6-m/nofp\libc_nano.a(libc_a-findfp.o) (_fwalk_sglue)
C:/ST/STM32CubeIDE_1.15.1/STM32CubeIDE/plugins/com.st.stm32cube.ide.mcu.externaltools.gnu-tools-for-stm32.12.3.rel1.win32_1.0.100.202403111256/tools/bin/../lib/gcc/arm-none-eabi/12.3.1/../../../../arm-none-eabi/lib/thumb/v6-m/nofp\libc_nano.a(libc_a-stdio.o)
                              C:/ST/STM32CubeIDE_1.15.1/STM32CubeIDE/plugins/com.st.stm32cube.ide.mcu.externaltools.gnu-tools-for-stm32.12.3.rel1.win32_1.0.100.202403111256/tools/bin/../lib/gcc/arm-none-eabi/12.3.1/../../../../arm-none-eabi/lib/thumb/v6-m/nofp\libc_nano.a(libc_a-findfp.o) (__sread)
C:/ST/STM32CubeIDE_1.15.1/STM32CubeIDE/plugins/com.st.stm32cube.ide.mcu.externaltools.gnu-tools-for-stm32.12.3.rel1.win32_1.0.100.202403111256/tools/bin/../lib/gcc/arm-none-eabi/12.3.1/../../../../arm-none-eabi/lib/thumb/v6-m/nofp\libc_nano.a(libc_a-memset.o)
                              C:/ST/STM32CubeIDE_1.15.1/STM32CubeIDE/plugins/com.st.stm32cube.ide.mcu.externaltools.gnu-tools-for-stm32.12.3.rel1.win32_1.0.100.202403111256/tools/bin/../lib/gcc/arm-none-eabi/12.3.1/../../../../arm-none-eabi/lib/thumb/v6-m/nofp/crt0.o (memset)
C:/ST/STM32CubeIDE_1.15.1/STM32CubeIDE/plugins/com.st.stm32cube.ide.mcu.externaltools.gnu-tools-for-stm32.12.3.rel1.win32_1.0.100.202403111256/tools/bin/../lib/gcc/arm-none-eabi/12.3.1/../../../../arm-none-eabi/lib/thumb/v6-m/nofp\libc_nano.a(libc_a-closer.o)
                              C:/ST/STM32CubeIDE_1.15.1/STM32CubeIDE/plugins/com.st.stm32cube.ide.mcu.externaltools.gnu-tools-for-stm32.12.3.rel1.win32_1.0.100.202403111256/tools/bin/../lib/gcc/arm-none-eabi/12.3.1/../../../../arm-none-eabi/lib/thumb/v6-m/nofp\libc_nano.a(libc_a-stdio.o) (_close_r)
C:/ST/STM32CubeIDE_1.15.1/STM32CubeIDE/plugins/com.st.stm32cube.ide.mcu.externaltools.gnu-tools-for-stm32.12.3.rel1.win32_1.0.100.202403111256/tools/bin/../lib/gcc/arm-none-eabi/12.3.1/../../../../arm-none-eabi/lib/thumb/v6-m/nofp\libc_nano.a(libc_a-reent.o)
                              C:/ST/STM32CubeIDE_1.15.1/STM32CubeIDE/plugins/com.st.stm32cube.ide.mcu.externaltools.gnu-tools-for-stm32.12.3.rel1.win32_1.0.100.202403111256/tools/bin/../lib/gcc/arm-none-eabi/12.3.1/../../../../arm-none-eabi/lib/thumb/v6-m/nofp\libc_nano.a(libc_a-closer.o) (errno)
C:/ST/STM32CubeIDE_1.15.1/STM32CubeIDE/plugins/com.st.stm32cube.ide.mcu.externaltools.gnu-tools-for-stm32.12.3.rel1.win32_1.0.100.202403111256/tools/bin/../lib/gcc/arm-none-eabi/12.3.1/../../../../arm-none-eabi/lib/thumb/v6-m/nofp\libc_nano.a(libc_a-impure.o)
                              C:/ST/STM32CubeIDE_1.15.1/STM32CubeIDE/plugins/com.st.stm32cube.ide.mcu.externaltools.gnu-tools-for-stm32.12.3.rel1.win32_1.0.100.202403111256/tools/bin/../lib/gcc/arm-none-eabi/12.3.1/../../../../arm-none-eabi/lib/thumb/v6-m/nofp\libc_nano.a(libc_a-reent.o) (_impure_ptr)
C:/ST/STM32CubeIDE_1.15.1/STM32CubeIDE/plugins/com.st.stm32cube.ide.mcu.externaltools.gnu-tools-for-stm32.12.3.rel1.win32_1.0.100.202403111256/tools/bin/../lib/gcc/arm-none-eabi/12.3.1/../../../../arm-none-eabi/lib/thumb/v6-m/nofp\libc_nano.a(libc_a-lseekr.o)
[...]
Memory Configuration

Name             Origin             Length             Attributes
RAM              0x20000000         0x00001800         xrw
FLASH            0x08000000         0x00008000         xr
*default*        0x00000000         0xffffffff

Linker script and memory map

LOAD C:/ST/STM32CubeIDE_1.15.1/STM32CubeIDE/plugins/com.st.stm32cube.ide.mcu.externaltools.gnu-tools-for-stm32.12.3.rel1.win32_1.0.100.202403111256/tools/bin/../lib/gcc/arm-none-eabi/12.3.1/thumb/v6-m/nofp/crti.o
LOAD C:/ST/STM32CubeIDE_1.15.1/STM32CubeIDE/plugins/com.st.stm32cube.ide.mcu.externaltools.gnu-tools-for-stm32.12.3.rel1.win32_1.0.100.202403111256/tools/bin/../lib/gcc/arm-none-eabi/12.3.1/thumb/v6-m/nofp/crtbegin.o
LOAD C:/ST/STM32CubeIDE_1.15.1/STM32CubeIDE/plugins/com.st.stm32cube.ide.mcu.externaltools.gnu-tools-for-stm32.12.3.rel1.win32_1.0.100.202403111256/tools/bin/../lib/gcc/arm-none-eabi/12.3.1/../../../../arm-none-eabi/lib/thumb/v6-m/nofp/crt0.o
LOAD ./Core/Src/main.o
LOAD ./Core/Src/stm32c0xx_hal_msp.o
LOAD ./Core/Src/stm32c0xx_it.o
LOAD ./Core/Src/syscalls.o
LOAD ./Core/Src/sysmem.o
LOAD ./Core/Src/system_stm32c0xx.o
LOAD ./Core/Startup/startup_stm32c011f6px.o
LOAD ./Drivers/STM32C0xx_HAL_Driver/Src/stm32c0xx_hal.o
LOAD ./Drivers/STM32C0xx_HAL_Driver/Src/stm32c0xx_hal_adc.o
LOAD ./Drivers/STM32C0xx_HAL_Driver/Src/stm32c0xx_hal_adc_ex.o
LOAD ./Drivers/STM32C0xx_HAL_Driver/Src/stm32c0xx_hal_cortex.o
LOAD ./Drivers/STM32C0xx_HAL_Driver/Src/stm32c0xx_hal_dma.o
LOAD ./Drivers/STM32C0xx_HAL_Driver/Src/stm32c0xx_hal_dma_ex.o
LOAD ./Drivers/STM32C0xx_HAL_Driver/Src/stm32c0xx_hal_exti.o
LOAD ./Drivers/STM32C0xx_HAL_Driver/Src/stm32c0xx_hal_flash.o
LOAD ./Drivers/STM32C0xx_HAL_Driver/Src/stm32c0xx_hal_flash_ex.o
LOAD ./Drivers/STM32C0xx_HAL_Driver/Src/stm32c0xx_hal_gpio.o
LOAD ./Drivers/STM32C0xx_HAL_Driver/Src/stm32c0xx_hal_pwr.o
LOAD ./Drivers/STM32C0xx_HAL_Driver/Src/stm32c0xx_hal_pwr_ex.o
LOAD ./Drivers/STM32C0xx_HAL_Driver/Src/stm32c0xx_hal_rcc.o
LOAD ./Drivers/STM32C0xx_HAL_Driver/Src/stm32c0xx_hal_rcc_ex.o
LOAD ./Drivers/STM32C0xx_HAL_Driver/Src/stm32c0xx_hal_tim.o
LOAD ./Drivers/STM32C0xx_HAL_Driver/Src/stm32c0xx_hal_tim_ex.o
START GROUP
LOAD C:/ST/STM32CubeIDE_1.15.1/STM32CubeIDE/plugins/com.st.stm32cube.ide.mcu.externaltools.gnu-tools-for-stm32.12.3.rel1.win32_1.0.100.202403111256/tools/bin/../lib/gcc/arm-none-eabi/12.3.1/../../../../arm-none-eabi/lib/thumb/v6-m/nofp\libc_nano.a
LOAD C:/ST/STM32CubeIDE_1.15.1/STM32CubeIDE/plugins/com.st.stm32cube.ide.mcu.externaltools.gnu-tools-for-stm32.12.3.rel1.win32_1.0.100.202403111256/tools/bin/../lib/gcc/arm-none-eabi/12.3.1/../../../../arm-none-eabi/lib/thumb/v6-m/nofp\libm.a
END GROUP
START GROUP
LOAD C:/ST/STM32CubeIDE_1.15.1/STM32CubeIDE/plugins/com.st.stm32cube.ide.mcu.externaltools.gnu-tools-for-stm32.12.3.rel1.win32_1.0.100.202403111256/tools/bin/../lib/gcc/arm-none-eabi/12.3.1/thumb/v6-m/nofp\libgcc.a
LOAD C:/ST/STM32CubeIDE_1.15.1/STM32CubeIDE/plugins/com.st.stm32cube.ide.mcu.externaltools.gnu-tools-for-stm32.12.3.rel1.win32_1.0.100.202403111256/tools/bin/../lib/gcc/arm-none-eabi/12.3.1/../../../../arm-none-eabi/lib/thumb/v6-m/nofp\libc_nano.a
END GROUP
START GROUP
LOAD C:/ST/STM32CubeIDE_1.15.1/STM32CubeIDE/plugins/com.st.stm32cube.ide.mcu.externaltools.gnu-tools-for-stm32.12.3.rel1.win32_1.0.100.202403111256/tools/bin/../lib/gcc/arm-none-eabi/12.3.1/thumb/v6-m/nofp\libgcc.a
LOAD C:/ST/STM32CubeIDE_1.15.1/STM32CubeIDE/plugins/com.st.stm32cube.ide.mcu.externaltools.gnu-tools-for-stm32.12.3.rel1.win32_1.0.100.202403111256/tools/bin/../lib/gcc/arm-none-eabi/12.3.1/../../../../arm-none-eabi/lib/thumb/v6-m/nofp\libc_nano.a
LOAD C:/ST/STM32CubeIDE_1.15.1/STM32CubeIDE/plugins/com.st.stm32cube.ide.mcu.externaltools.gnu-tools-for-stm32.12.3.rel1.win32_1.0.100.202403111256/tools/bin/../lib/gcc/arm-none-eabi/12.3.1/../../../../arm-none-eabi/lib/thumb/v6-m/nofp\libnosys.a
END GROUP
START GROUP
LOAD C:/ST/STM32CubeIDE_1.15.1/STM32CubeIDE/plugins/com.st.stm32cube.ide.mcu.externaltools.gnu-tools-for-stm32.12.3.rel1.win32_1.0.100.202403111256/tools/bin/../lib/gcc/arm-none-eabi/12.3.1/thumb/v6-m/nofp\libgcc.a
LOAD C:/ST/STM32CubeIDE_1.15.1/STM32CubeIDE/plugins/com.st.stm32cube.ide.mcu.externaltools.gnu-tools-for-stm32.12.3.rel1.win32_1.0.100.202403111256/tools/bin/../lib/gcc/arm-none-eabi/12.3.1/../../../../arm-none-eabi/lib/thumb/v6-m/nofp\libc_nano.a
LOAD C:/ST/STM32CubeIDE_1.15.1/STM32CubeIDE/plugins/com.st.stm32cube.ide.mcu.externaltools.gnu-tools-for-stm32.12.3.rel1.win32_1.0.100.202403111256/tools/bin/../lib/gcc/arm-none-eabi/12.3.1/../../../../arm-none-eabi/lib/thumb/v6-m/nofp\libnosys.a
END GROUP
LOAD C:/ST/STM32CubeIDE_1.15.1/STM32CubeIDE/plugins/com.st.stm32cube.ide.mcu.externaltools.gnu-tools-for-stm32.12.3.rel1.win32_1.0.100.202403111256/tools/bin/../lib/gcc/arm-none-eabi/12.3.1/thumb/v6-m/nofp/crtend.o
LOAD C:/ST/STM32CubeIDE_1.15.1/STM32CubeIDE/plugins/com.st.stm32cube.ide.mcu.externaltools.gnu-tools-for-stm32.12.3.rel1.win32_1.0.100.202403111256/tools/bin/../lib/gcc/arm-none-eabi/12.3.1/thumb/v6-m/nofp/crtn.o
                0x20001800                        _estack = (ORIGIN (RAM) + LENGTH (RAM))
                0x00000200                        _Min_Heap_Size = 0x200
                0x00000400                        _Min_Stack_Size = 0x400

.isr_vector     0x08000000       0xc0
                0x08000000                        . = ALIGN (0x4)
 *(.isr_vector)
 .isr_vector    0x08000000       0xc0 ./Core/Startup/startup_stm32c011f6px.o
                0x08000000                g_pfnVectors
                0x080000c0                        . = ALIGN (0x4)

.text           0x080000c0     0x5d14
                0x080000c0                        . = ALIGN (0x4)
 *(.text)
 .text          0x080000c0       0x48 C:/ST/STM32CubeIDE_1.15.1/STM32CubeIDE/plugins/com.st.stm32cube.ide.mcu.externaltools.gnu-tools-for-stm32.12.3.rel1.win32_1.0.100.202403111256/tools/bin/../lib/gcc/arm-none-eabi/12.3.1/thumb/v6-m/nofp/crtbegin.o
 .text          0x08000108      0x114 C:/ST/STM32CubeIDE_1.15.1/STM32CubeIDE/plugins/com.st.stm32cube.ide.mcu.externaltools.gnu-tools-for-stm32.12.3.rel1.win32_1.0.100.202403111256/tools/bin/../lib/gcc/arm-none-eabi/12.3.1/thumb/v6-m/nofp\libgcc.a(_udivsi3.o)
                0x08000108                __aeabi_uidiv
                0x08000108                __udivsi3
                0x08000214                __aeabi_uidivmod
 .text          0x0800021c        0x4 C:/ST/STM32CubeIDE_1.15.1/STM32CubeIDE/plugins/com.st.stm32cube.ide.mcu.externaltools.gnu-tools-for-stm32.12.3.rel1.win32_1.0.100.202403111256/tools/bin/../lib/gcc/arm-none-eabi/12.3.1/thumb/v6-m/nofp\libgcc.a(_dvmd_tls.o)
                0x0800021c                __aeabi_idiv0
                0x0800021c                __aeabi_ldiv0
 .text          0x08000220       0x7c C:/ST/STM32CubeIDE_1.15.1/STM32CubeIDE/plugins/com.st.stm32cube.ide.mcu.externaltools.gnu-tools-for-stm32.12.3.rel1.win32_1.0.100.202403111256/tools/bin/../lib/gcc/arm-none-eabi/12.3.1/thumb/v6-m/nofp\libgcc.a(_arm_cmpdf2.o)
                0x08000220                __aeabi_cdrcmple
                0x08000230                __aeabi_cdcmple
                0x08000230                __aeabi_cdcmpeq
                0x08000240                __aeabi_dcmpeq
                0x0800024c                __aeabi_dcmplt
                0x08000260                __aeabi_dcmple
                0x08000274                __aeabi_dcmpgt
                0x08000288                __aeabi_dcmpge
 .text          0x0800029c       0x74 C:/ST/STM32CubeIDE_1.15.1/STM32CubeIDE/plugins/com.st.stm32cube.ide.mcu.externaltools.gnu-tools-for-stm32.12.3.rel1.win32_1.0.100.202403111256/tools/bin/../lib/gcc/arm-none-eabi/12.3.1/thumb/v6-m/nofp\libgcc.a(_arm_cmpsf2.o)
                0x0800029c                __aeabi_cfrcmple
                0x080002a4                __aeabi_cfcmpeq
                0x080002a4                __aeabi_cfcmple
                0x080002b4                __aeabi_fcmpeq
                0x080002c0                __aeabi_fcmplt
                0x080002d4                __aeabi_fcmple
                0x080002e8                __aeabi_fcmpgt
                0x080002fc                __aeabi_fcmpge
 .text          0x08000310      0x314 C:/ST/STM32CubeIDE_1.15.1/STM32CubeIDE/plugins/com.st.stm32cube.ide.mcu.externaltools.gnu-tools-for-stm32.12.3.rel1.win32_1.0.100.202403111256/tools/bin/../lib/gcc/arm-none-eabi/12.3.1/thumb/v6-m/nofp\libgcc.a(addsf3.o)
                0x08000310                __aeabi_fadd
 .text          0x08000624      0x240 C:/ST/STM32CubeIDE_1.15.1/STM32CubeIDE/plugins/com.st.stm32cube.ide.mcu.externaltools.gnu-tools-for-stm32.12.3.rel1.win32_1.0.100.202403111256/tools/bin/../lib/gcc/arm-none-eabi/12.3.1/thumb/v6-m/nofp\libgcc.a(divsf3.o)
                0x08000624                __aeabi_fdiv
 .text          0x08000864       0x50 C:/ST/STM32CubeIDE_1.15.1/STM32CubeIDE/plugins/com.st.stm32cube.ide.mcu.externaltools.gnu-tools-for-stm32.12.3.rel1.win32_1.0.100.202403111256/tools/bin/../lib/gcc/arm-none-eabi/12.3.1/thumb/v6-m/nofp\libgcc.a(eqsf2.o)
                0x08000864                __eqsf2
                0x08000864                __nesf2
 .text          0x080008b4       0xa0 C:/ST/STM32CubeIDE_1.15.1/STM32CubeIDE/plugins/com.st.stm32cube.ide.mcu.externaltools.gnu-tools-for-stm32.12.3.rel1.win32_1.0.100.202403111256/tools/bin/../lib/gcc/arm-none-eabi/12.3.1/thumb/v6-m/nofp\libgcc.a(gesf2.o)
                0x080008b4                __gesf2
                0x080008b4                __gtsf2
 .text          0x08000954       0x9c C:/ST/STM32CubeIDE_1.15.1/STM32CubeIDE/plugins/com.st.stm32cube.ide.mcu.externaltools.gnu-tools-for-stm32.12.3.rel1.win32_1.0.100.202403111256/tools/bin/../lib/gcc/arm-none-eabi/12.3.1/thumb/v6-m/nofp\libgcc.a(lesf2.o)
                0x08000954                __ltsf2
                0x08000954                __lesf2
 .text          0x080009f0      0x27c C:/ST/STM32CubeIDE_1.15.1/STM32CubeIDE/plugins/com.st.stm32cube.ide.mcu.externaltools.gnu-tools-for-stm32.12.3.rel1.win32_1.0.100.202403111256/tools/bin/../lib/gcc/arm-none-eabi/12.3.1/thumb/v6-m/nofp\libgcc.a(mulsf3.o)
                0x080009f0                __aeabi_fmul
 .text          0x08000c6c      0x348 C:/ST/STM32CubeIDE_1.15.1/STM32CubeIDE/plugins/com.st.stm32cube.ide.mcu.externaltools.gnu-tools-for-stm32.12.3.rel1.win32_1.0.100.202403111256/tools/bin/../lib/gcc/arm-none-eabi/12.3.1/thumb/v6-m/nofp\libgcc.a(subsf3.o)
                0x08000c6c                __aeabi_fsub
 .text          0x08000fb4       0x84 C:/ST/STM32CubeIDE_1.15.1/STM32CubeIDE/plugins/com.st.stm32cube.ide.mcu.externaltools.gnu-tools-for-stm32.12.3.rel1.win32_1.0.100.202403111256/tools/bin/../lib/gcc/arm-none-eabi/12.3.1/thumb/v6-m/nofp\libgcc.a(floatunsisf.o)
                0x08000fb4                __aeabi_ui2f
 .text          0x08001038      0x6c8 C:/ST/STM32CubeIDE_1.15.1/STM32CubeIDE/plugins/com.st.stm32cube.ide.mcu.externaltools.gnu-tools-for-stm32.12.3.rel1.win32_1.0.100.202403111256/tools/bin/../lib/gcc/arm-none-eabi/12.3.1/thumb/v6-m/nofp\libgcc.a(adddf3.o)
                0x08001038                __aeabi_dadd
 .text          0x08001700      0x634 C:/ST/STM32CubeIDE_1.15.1/STM32CubeIDE/plugins/com.st.stm32cube.ide.mcu.externaltools.gnu-tools-for-stm32.12.3.rel1.win32_1.0.100.202403111256/tools/bin/../lib/gcc/arm-none-eabi/12.3.1/thumb/v6-m/nofp\libgcc.a(divdf3.o)
                0x08001700                __aeabi_ddiv
 .text          0x08001d34       0x88 C:/ST/STM32CubeIDE_1.15.1/STM32CubeIDE/plugins/com.st.stm32cube.ide.mcu.externaltools.gnu-tools-for-stm32.12.3.rel1.win32_1.0.100.202403111256/tools/bin/../lib/gcc/arm-none-eabi/12.3.1/thumb/v6-m/nofp\libgcc.a(eqdf2.o)
                0x08001d34                __nedf2
                0x08001d34                __eqdf2
 .text          0x08001dbc       0xe8 C:/ST/STM32CubeIDE_1.15.1/STM32CubeIDE/plugins/com.st.stm32cube.ide.mcu.externaltools.gnu-tools-for-stm32.12.3.rel1.win32_1.0.100.202403111256/tools/bin/../lib/gcc/arm-none-eabi/12.3.1/thumb/v6-m/nofp\libgcc.a(gedf2.o)
                0x08001dbc                __gedf2
                0x08001dbc                __gtdf2
 .text          0x08001ea4       0xe4 C:/ST/STM32CubeIDE_1.15.1/STM32CubeIDE/plugins/com.st.stm32cube.ide.mcu.externaltools.gnu-tools-for-stm32.12.3.rel1.win32_1.0.100.202403111256/tools/bin/../lib/gcc/arm-none-eabi/12.3.1/thumb/v6-m/nofp\libgcc.a(ledf2.o)
                0x08001ea4                __ledf2
                0x08001ea4                __ltdf2
 .text          0x08001f88      0x590 C:/ST/STM32CubeIDE_1.15.1/STM32CubeIDE/plugins/com.st.stm32cube.ide.mcu.externaltools.gnu-tools-for-stm32.12.3.rel1.win32_1.0.100.202403111256/tools/bin/../lib/gcc/arm-none-eabi/12.3.1/thumb/v6-m/nofp\libgcc.a(muldf3.o)
                0x08001f88                __aeabi_dmul
 .text          0x08002518      0x738 C:/ST/STM32CubeIDE_1.15.1/STM32CubeIDE/plugins/com.st.stm32cube.ide.mcu.externaltools.gnu-tools-for-stm32.12.3.rel1.win32_1.0.100.202403111256/tools/bin/../lib/gcc/arm-none-eabi/12.3.1/thumb/v6-m/nofp\libgcc.a(subdf3.o)
                0x08002518                __aeabi_dsub
 .text          0x08002c50       0x44 C:/ST/STM32CubeIDE_1.15.1/STM32CubeIDE/plugins/com.st.stm32cube.ide.mcu.externaltools.gnu-tools-for-stm32.12.3.rel1.win32_1.0.100.202403111256/tools/bin/../lib/gcc/arm-none-eabi/12.3.1/thumb/v6-m/nofp\libgcc.a(unorddf2.o)
                0x08002c50                __aeabi_dcmpun
 .text          0x08002c94       0x5c C:/ST/STM32CubeIDE_1.15.1/STM32CubeIDE/plugins/com.st.stm32cube.ide.mcu.externaltools.gnu-tools-for-stm32.12.3.rel1.win32_1.0.100.202403111256/tools/bin/../lib/gcc/arm-none-eabi/12.3.1/thumb/v6-m/nofp\libgcc.a(floatsidf.o)
                0x08002c94                __aeabi_i2d
 .text          0x08002cf0       0x90 C:/ST/STM32CubeIDE_1.15.1/STM32CubeIDE/plugins/com.st.stm32cube.ide.mcu.externaltools.gnu-tools-for-stm32.12.3.rel1.win32_1.0.100.202403111256/tools/bin/../lib/gcc/arm-none-eabi/12.3.1/thumb/v6-m/nofp\libgcc.a(extendsfdf2.o)
                0x08002cf0                __aeabi_f2d
 .text          0x08002d80      0x108 C:/ST/STM32CubeIDE_1.15.1/STM32CubeIDE/plugins/com.st.stm32cube.ide.mcu.externaltools.gnu-tools-for-stm32.12.3.rel1.win32_1.0.100.202403111256/tools/bin/../lib/gcc/arm-none-eabi/12.3.1/thumb/v6-m/nofp\libgcc.a(truncdfsf2.o)
                0x08002d80                __aeabi_d2f
 .text          0x08002e88       0x3c C:/ST/STM32CubeIDE_1.15.1/STM32CubeIDE/plugins/com.st.stm32cube.ide.mcu.externaltools.gnu-tools-for-stm32.12.3.rel1.win32_1.0.100.202403111256/tools/bin/../lib/gcc/arm-none-eabi/12.3.1/thumb/v6-m/nofp\libgcc.a(_clzsi2.o)
                0x08002e88                __clzsi2
 *(.text*)
 .text.calcular_temperatura
                0x08002ec4       0xcc ./Core/Src/main.o
                0x08002ec4                calcular_temperatura
 .text.controlar_leds_e_buzzer
                0x08002f90       0xf8 ./Core/Src/main.o
                0x08002f90                controlar_leds_e_buzzer
 .text.main     0x08003088       0x7c ./Core/Src/main.o
                0x08003088                main
 .text.SystemClock_Config
                0x08003104       0x86 ./Core/Src/main.o
                0x08003104                SystemClock_Config
 *fill*         0x0800318a        0x2 
 .text.MX_ADC1_Init
                0x0800318c       0xd8 ./Core/Src/main.o
 .text.MX_TIM3_Init
                0x08003264       0xb0 ./Core/Src/main.o
 .text.MX_GPIO_Init
                0x08003314       0x6c ./Core/Src/main.o
 .text.Error_Handler
                0x08003380        0xc ./Core/Src/main.o
                0x08003380                Error_Handler
 .text.HAL_MspInit
                0x0800338c       0x48 ./Core/Src/stm32c0xx_hal_msp.o
                0x0800338c                HAL_MspInit
 .text.HAL_ADC_MspInit
                0x080033d4       0xb8 ./Core/Src/stm32c0xx_hal_msp.o
                0x080033d4                HAL_ADC_MspInit
 .text.HAL_TIM_Base_MspInit
                0x0800348c       0x4c ./Core/Src/stm32c0xx_hal_msp.o
                0x0800348c                HAL_TIM_Base_MspInit
 .text.NMI_Handler
                0x080034d8        0x8 ./Core/Src/stm32c0xx_it.o
                0x080034d8                NMI_Handler
 .text.HardFault_Handler
                0x080034e0        0x8 ./Core/Src/stm32c0xx_it.o
                0x080034e0                HardFault_Handler
 .text.SVC_Handler
                0x080034e8        0xa ./Core/Src/stm32c0xx_it.o
                0x080034e8                SVC_Handler
 .text.PendSV_Handler
                0x080034f2        0xa ./Core/Src/stm32c0xx_it.o
                0x080034f2                PendSV_Handler
 .text.SysTick_Handler
                0x080034fc        0xe ./Core/Src/stm32c0xx_it.o
                0x080034fc                SysTick_Handler
 *fill*         0x0800350a        0x2 
 .text.TIM3_IRQHandler
                0x0800350c       0x18 ./Core/Src/stm32c0xx_it.o
                0x0800350c                TIM3_IRQHandler
 .text.SystemInit
                0x08003524       0x18 ./Core/Src/system_stm32c0xx.o
                0x08003524                SystemInit
 .text.Reset_Handler
                0x0800353c       0x50 ./Core/Startup/startup_stm32c011f6px.o
                0x0800353c                Reset_Handler
 .text.Default_Handler
                0x0800358c        0x2 ./Core/Startup/startup_stm32c011f6px.o
                0x0800358c                TIM1_CC_IRQHandler
                0x0800358c                I2C1_IRQHandler
                0x0800358c                DMAMUX1_IRQHandler
                0x0800358c                SPI1_IRQHandler
                0x0800358c                EXTI2_3_IRQHandler
                0x0800358c                ADC1_IRQHandler
                0x0800358c                TIM17_IRQHandler
                0x0800358c                RTC_IRQHandler
                0x0800358c                TIM16_IRQHandler
                0x0800358c                EXTI4_15_IRQHandler
                0x0800358c                RCC_IRQHandler
                0x0800358c                DMA1_Channel1_IRQHandler
                0x0800358c                Default_Handler
                0x0800358c                TIM14_IRQHandler
                0x0800358c                EXTI0_1_IRQHandler
                0x0800358c                WWDG_IRQHandler
                0x0800358c                DMA1_Channel2_3_IRQHandler
                0x0800358c                USART2_IRQHandler
                0x0800358c                FLASH_IRQHandler
                0x0800358c                USART1_IRQHandler
                0x0800358c                TIM1_BRK_UP_TRG_COM_IRQHandler
 .text.HAL_Init
                0x0800358e       0x2e ./Drivers/STM32C0xx_HAL_Driver/Src/stm32c0xx_hal.o
                0x0800358e                HAL_Init
 .text.HAL_InitTick
                0x080035bc       0x94 ./Drivers/STM32C0xx_HAL_Driver/Src/stm32c0xx_hal.o
                0x080035bc                HAL_InitTick
 .text.HAL_IncTick
                0x08003650       0x24 ./Drivers/STM32C0xx_HAL_Driver/Src/stm32c0xx_hal.o
                0x08003650                HAL_IncTick
 .text.HAL_GetTick
                0x08003674       0x14 ./Drivers/STM32C0xx_HAL_Driver/Src/stm32c0xx_hal.o
                0x08003674                HAL_GetTick
 .text.LL_ADC_SetCommonPathInternalCh
                0x08003688       0x28 ./Drivers/STM32C0xx_HAL_Driver/Src/stm32c0xx_hal_adc.o
 .text.LL_ADC_GetCommonPathInternalCh
                0x080036b0       0x1a ./Drivers/STM32C0xx_HAL_Driver/Src/stm32c0xx_hal_adc.o
 .text.LL_ADC_SetSamplingTimeCommonChannels
                0x080036ca       0x3a ./Drivers/STM32C0xx_HAL_Driver/Src/stm32c0xx_hal_adc.o
 .text.LL_ADC_GetSamplingTimeCommonChannels
                0x08003704       0x2e ./Drivers/STM32C0xx_HAL_Driver/Src/stm32c0xx_hal_adc.o
 .text.LL_ADC_REG_IsTriggerSourceSWStart
                0x08003732       0x22 ./Drivers/STM32C0xx_HAL_Driver/Src/stm32c0xx_hal_adc.o
 .text.LL_ADC_REG_SetSequencerRanks
                0x08003754       0x40 ./Drivers/STM32C0xx_HAL_Driver/Src/stm32c0xx_hal_adc.o
 .text.LL_ADC_REG_SetSequencerChAdd
                0x08003794       0x22 ./Drivers/STM32C0xx_HAL_Driver/Src/stm32c0xx_hal_adc.o
 .text.LL_ADC_REG_SetSequencerChRem
                0x080037b6       0x24 ./Drivers/STM32C0xx_HAL_Driver/Src/stm32c0xx_hal_adc.o
 *fill*         0x080037da        0x2 
 .text.LL_ADC_SetChannelSamplingTime
                0x080037dc       0x38 ./Drivers/STM32C0xx_HAL_Driver/Src/stm32c0xx_hal_adc.o
 .text.LL_ADC_EnableInternalRegulator
                0x08003814       0x28 ./Drivers/STM32C0xx_HAL_Driver/Src/stm32c0xx_hal_adc.o
 .text.LL_ADC_IsInternalRegulatorEnabled
                0x0800383c       0x28 ./Drivers/STM32C0xx_HAL_Driver/Src/stm32c0xx_hal_adc.o
 .text.LL_ADC_Enable
                0x08003864       0x24 ./Drivers/STM32C0xx_HAL_Driver/Src/stm32c0xx_hal_adc.o
 .text.LL_ADC_Disable
                0x08003888       0x24 ./Drivers/STM32C0xx_HAL_Driver/Src/stm32c0xx_hal_adc.o
 .text.LL_ADC_IsEnabled
                0x080038ac       0x22 ./Drivers/STM32C0xx_HAL_Driver/Src/stm32c0xx_hal_adc.o
 .text.LL_ADC_IsDisableOngoing
                0x080038ce       0x22 ./Drivers/STM32C0xx_HAL_Driver/Src/stm32c0xx_hal_adc.o
 .text.LL_ADC_REG_StartConversion
                0x080038f0       0x24 ./Drivers/STM32C0xx_HAL_Driver/Src/stm32c0xx_hal_adc.o
 .text.LL_ADC_REG_StopConversion
                0x08003914       0x24 ./Drivers/STM32C0xx_HAL_Driver/Src/stm32c0xx_hal_adc.o
 .text.LL_ADC_REG_IsConversionOngoing
                0x08003938       0x22 ./Drivers/STM32C0xx_HAL_Driver/Src/stm32c0xx_hal_adc.o
 *fill*         0x0800395a        0x2 
 .text.HAL_ADC_Init
                0x0800395c      0x34c ./Drivers/STM32C0xx_HAL_Driver/Src/stm32c0xx_hal_adc.o
                0x0800395c                HAL_ADC_Init
 .text.HAL_ADC_Start
                0x08003ca8       0x9c ./Drivers/STM32C0xx_HAL_Driver/Src/stm32c0xx_hal_adc.o
                0x08003ca8                HAL_ADC_Start
 .text.HAL_ADC_Stop
                0x08003d44       0x78 ./Drivers/STM32C0xx_HAL_Driver/Src/stm32c0xx_hal_adc.o
                0x08003d44                HAL_ADC_Stop
 .text.HAL_ADC_PollForConversion
                0x08003dbc      0x11c ./Drivers/STM32C0xx_HAL_Driver/Src/stm32c0xx_hal_adc.o
                0x08003dbc                HAL_ADC_PollForConversion
 .text.HAL_ADC_GetValue
                0x08003ed8       0x16 ./Drivers/STM32C0xx_HAL_Driver/Src/stm32c0xx_hal_adc.o
                0x08003ed8                HAL_ADC_GetValue
 *fill*         0x08003eee        0x2 
 .text.HAL_ADC_ConfigChannel
                0x08003ef0      0x3ac ./Drivers/STM32C0xx_HAL_Driver/Src/stm32c0xx_hal_adc.o
                0x08003ef0                HAL_ADC_ConfigChannel
 .text.ADC_ConversionStop
                0x0800429c       0x78 ./Drivers/STM32C0xx_HAL_Driver/Src/stm32c0xx_hal_adc.o
                0x0800429c                ADC_ConversionStop
 .text.ADC_Enable
                0x08004314       0xfc ./Drivers/STM32C0xx_HAL_Driver/Src/stm32c0xx_hal_adc.o
                0x08004314                ADC_Enable
 .text.ADC_Disable
                0x08004410       0xb0 ./Drivers/STM32C0xx_HAL_Driver/Src/stm32c0xx_hal_adc.o
                0x08004410                ADC_Disable
 .text.__NVIC_EnableIRQ
                0x080044c0       0x34 ./Drivers/STM32C0xx_HAL_Driver/Src/stm32c0xx_hal_cortex.o
 .text.__NVIC_SetPriority
                0x080044f4       0xdc ./Drivers/STM32C0xx_HAL_Driver/Src/stm32c0xx_hal_cortex.o
 .text.SysTick_Config
                0x080045d0       0x48 ./Drivers/STM32C0xx_HAL_Driver/Src/stm32c0xx_hal_cortex.o
 .text.HAL_NVIC_SetPriority
                0x08004618       0x2a ./Drivers/STM32C0xx_HAL_Driver/Src/stm32c0xx_hal_cortex.o
                0x08004618                HAL_NVIC_SetPriority
 .text.HAL_NVIC_EnableIRQ
                0x08004642       0x20 ./Drivers/STM32C0xx_HAL_Driver/Src/stm32c0xx_hal_cortex.o
                0x08004642                HAL_NVIC_EnableIRQ
 .text.HAL_SYSTICK_Config
                0x08004662       0x1a ./Drivers/STM32C0xx_HAL_Driver/Src/stm32c0xx_hal_cortex.o
                0x08004662                HAL_SYSTICK_Config
 .text.HAL_GPIO_Init
                0x0800467c      0x2d4 ./Drivers/STM32C0xx_HAL_Driver/Src/stm32c0xx_hal_gpio.o
                0x0800467c                HAL_GPIO_Init
 .text.HAL_GPIO_WritePin
                0x08004950       0x3a ./Drivers/STM32C0xx_HAL_Driver/Src/stm32c0xx_hal_gpio.o
                0x08004950                HAL_GPIO_WritePin
 *fill*         0x0800498a        0x2 
 .text.HAL_RCC_OscConfig
                0x0800498c      0x3c8 ./Drivers/STM32C0xx_HAL_Driver/Src/stm32c0xx_hal_rcc.o
                0x0800498c                HAL_RCC_OscConfig
 .text.HAL_RCC_ClockConfig
                0x08004d54      0x214 ./Drivers/STM32C0xx_HAL_Driver/Src/stm32c0xx_hal_rcc.o
                0x08004d54                HAL_RCC_ClockConfig
 .text.HAL_RCC_GetSysClockFreq
                0x08004f68       0x84 ./Drivers/STM32C0xx_HAL_Driver/Src/stm32c0xx_hal_rcc.o
                0x08004f68                HAL_RCC_GetSysClockFreq
 .text.HAL_RCCEx_PeriphCLKConfig
                0x08004fec      0x1dc ./Drivers/STM32C0xx_HAL_Driver/Src/stm32c0xx_hal_rcc_ex.o
                0x08004fec                HAL_RCCEx_PeriphCLKConfig
 .text.HAL_TIM_Base_Init
                0x080051c8       0xb0 ./Drivers/STM32C0xx_HAL_Driver/Src/stm32c0xx_hal_tim.o
                0x080051c8                HAL_TIM_Base_Init
 .text.HAL_TIM_IRQHandler
                0x08005278      0x204 ./Drivers/STM32C0xx_HAL_Driver/Src/stm32c0xx_hal_tim.o
                0x08005278                HAL_TIM_IRQHandler
 .text.HAL_TIM_ConfigClockSource
                0x0800547c      0x1ac ./Drivers/STM32C0xx_HAL_Driver/Src/stm32c0xx_hal_tim.o
                0x0800547c                HAL_TIM_ConfigClockSource
 .text.HAL_TIM_PeriodElapsedCallback
                0x08005628       0x10 ./Drivers/STM32C0xx_HAL_Driver/Src/stm32c0xx_hal_tim.o
                0x08005628                HAL_TIM_PeriodElapsedCallback
 .text.HAL_TIM_OC_DelayElapsedCallback
                0x08005638       0x10 ./Drivers/STM32C0xx_HAL_Driver/Src/stm32c0xx_hal_tim.o
                0x08005638                HAL_TIM_OC_DelayElapsedCallback
 .text.HAL_TIM_IC_CaptureCallback
                0x08005648       0x10 ./Drivers/STM32C0xx_HAL_Driver/Src/stm32c0xx_hal_tim.o
                0x08005648                HAL_TIM_IC_CaptureCallback
 .text.HAL_TIM_PWM_PulseFinishedCallback
                0x08005658       0x10 ./Drivers/STM32C0xx_HAL_Driver/Src/stm32c0xx_hal_tim.o
                0x08005658                HAL_TIM_PWM_PulseFinishedCallback
 .text.HAL_TIM_TriggerCallback
                0x08005668       0x10 ./Drivers/STM32C0xx_HAL_Driver/Src/stm32c0xx_hal_tim.o
                0x08005668                HAL_TIM_TriggerCallback
 .text.TIM_Base_SetConfig
                0x08005678       0xd8 ./Drivers/STM32C0xx_HAL_Driver/Src/stm32c0xx_hal_tim.o
                0x08005678                TIM_Base_SetConfig
 .text.TIM_TI1_ConfigInputStage
                0x08005750       0x5c ./Drivers/STM32C0xx_HAL_Driver/Src/stm32c0xx_hal_tim.o
 .text.TIM_TI2_ConfigInputStage
                0x080057ac       0x64 ./Drivers/STM32C0xx_HAL_Driver/Src/stm32c0xx_hal_tim.o
 .text.TIM_ITRx_SetConfig
                0x08005810       0x38 ./Drivers/STM32C0xx_HAL_Driver/Src/stm32c0xx_hal_tim.o
 .text.TIM_ETR_SetConfig
                0x08005848       0x40 ./Drivers/STM32C0xx_HAL_Driver/Src/stm32c0xx_hal_tim.o
                0x08005848                TIM_ETR_SetConfig
 .text.HAL_TIMEx_MasterConfigSynchronization
                0x08005888       0xc4 ./Drivers/STM32C0xx_HAL_Driver/Src/stm32c0xx_hal_tim_ex.o
                0x08005888                HAL_TIMEx_MasterConfigSynchronization
 .text.HAL_TIMEx_CommutCallback
                0x0800594c       0x10 ./Drivers/STM32C0xx_HAL_Driver/Src/stm32c0xx_hal_tim_ex.o
                0x0800594c                HAL_TIMEx_CommutCallback
 .text.HAL_TIMEx_BreakCallback
                0x0800595c       0x10 ./Drivers/STM32C0xx_HAL_Driver/Src/stm32c0xx_hal_tim_ex.o
                0x0800595c                HAL_TIMEx_BreakCallback
 .text.HAL_TIMEx_Break2Callback
                0x0800596c       0x10 ./Drivers/STM32C0xx_HAL_Driver/Src/stm32c0xx_hal_tim_ex.o
                0x0800596c                HAL_TIMEx_Break2Callback
 .text.memset   0x0800597c       0x10 C:/ST/STM32CubeIDE_1.15.1/STM32CubeIDE/plugins/com.st.stm32cube.ide.mcu.externaltools.gnu-tools-for-stm32.12.3.rel1.win32_1.0.100.202403111256/tools/bin/../lib/gcc/arm-none-eabi/12.3.1/../../../../arm-none-eabi/lib/thumb/v6-m/nofp\libc_nano.a(libc_a-memset.o)
                0x0800597c                memset
 .text.__errno  0x0800598c        0xc C:/ST/STM32CubeIDE_1.15.1/STM32CubeIDE/plugins/com.st.stm32cube.ide.mcu.externaltools.gnu-tools-for-stm32.12.3.rel1.win32_1.0.100.202403111256/tools/bin/../lib/gcc/arm-none-eabi/12.3.1/../../../../arm-none-eabi/lib/thumb/v6-m/nofp\libc_nano.a(libc_a-errno.o)
                0x0800598c                __errno
 .text.__libc_init_array
                0x08005998       0x48 C:/ST/STM32CubeIDE_1.15.1/STM32CubeIDE/plugins/com.st.stm32cube.ide.mcu.externaltools.gnu-tools-for-stm32.12.3.rel1.win32_1.0.100.202403111256/tools/bin/../lib/gcc/arm-none-eabi/12.3.1/../../../../arm-none-eabi/lib/thumb/v6-m/nofp\libc_nano.a(libc_a-init.o)
                0x08005998                __libc_init_array
 .text.log      0x080059e0       0x6c C:/ST/STM32CubeIDE_1.15.1/STM32CubeIDE/plugins/com.st.stm32cube.ide.mcu.externaltools.gnu-tools-for-stm32.12.3.rel1.win32_1.0.100.202403111256/tools/bin/../lib/gcc/arm-none-eabi/12.3.1/../../../../arm-none-eabi/lib/thumb/v6-m/nofp\libm.a(libm_a-w_log.o)
                0x080059e0                log
 .text.nan      0x08005a4c        0xc C:/ST/STM32CubeIDE_1.15.1/STM32CubeIDE/plugins/com.st.stm32cube.ide.mcu.externaltools.gnu-tools-for-stm32.12.3.rel1.win32_1.0.100.202403111256/tools/bin/../lib/gcc/arm-none-eabi/12.3.1/../../../../arm-none-eabi/lib/thumb/v6-m/nofp\libm.a(libm_a-s_nan.o)
                0x08005a4c                nan
 .text.__ieee754_log
                0x08005a58      0x364 C:/ST/STM32CubeIDE_1.15.1/STM32CubeIDE/plugins/com.st.stm32cube.ide.mcu.externaltools.gnu-tools-for-stm32.12.3.rel1.win32_1.0.100.202403111256/tools/bin/../lib/gcc/arm-none-eabi/12.3.1/../../../../arm-none-eabi/lib/thumb/v6-m/nofp\libm.a(libm_a-e_log.o)
                0x08005a58                __ieee754_log
 *(.glue_7)
 .glue_7        0x08005dbc        0x0 linker stubs
 *(.glue_7t)
 .glue_7t       0x08005dbc        0x0 linker stubs
 *(.eh_frame)
 .eh_frame      0x08005dbc        0x0 C:/ST/STM32CubeIDE_1.15.1/STM32CubeIDE/plugins/com.st.stm32cube.ide.mcu.externaltools.gnu-tools-for-stm32.12.3.rel1.win32_1.0.100.202403111256/tools/bin/../lib/gcc/arm-none-eabi/12.3.1/thumb/v6-m/nofp/crtbegin.o
 *(.init)
 .init          0x08005dbc        0x4 C:/ST/STM32CubeIDE_1.15.1/STM32CubeIDE/plugins/com.st.stm32cube.ide.mcu.externaltools.gnu-tools-for-stm32.12.3.rel1.win32_1.0.100.202403111256/tools/bin/../lib/gcc/arm-none-eabi/12.3.1/thumb/v6-m/nofp/crti.o
                0x08005dbc                _init
 .init          0x08005dc0        0x8 C:/ST/STM32CubeIDE_1.15.1/STM32CubeIDE/plugins/com.st.stm32cube.ide.mcu.externaltools.gnu-tools-for-stm32.12.3.rel1.win32_1.0.100.202403111256/tools/bin/../lib/gcc/arm-none-eabi/12.3.1/thumb/v6-m/nofp/crtn.o
 *(.fini)
 .fini          0x08005dc8        0x4 C:/ST/STM32CubeIDE_1.15.1/STM32CubeIDE/plugins/com.st.stm32cube.ide.mcu.externaltools.gnu-tools-for-stm32.12.3.rel1.win32_1.0.100.202403111256/tools/bin/../lib/gcc/arm-none-eabi/12.3.1/thumb/v6-m/nofp/crti.o
                0x08005dc8                _fini
 .fini          0x08005dcc        0x8 C:/ST/STM32CubeIDE_1.15.1/STM32CubeIDE/plugins/com.st.stm32cube.ide.mcu.externaltools.gnu-tools-for-stm32.12.3.rel1.win32_1.0.100.202403111256/tools/bin/../lib/gcc/arm-none-eabi/12.3.1/thumb/v6-m/nofp/crtn.o
                0x08005dd4                        . = ALIGN (0x4)
                0x08005dd4                        _etext = .

.vfp11_veneer   0x08005dd4        0x0
 .vfp11_veneer  0x08005dd4        0x0 linker stubs

.v4_bx          0x08005dd4        0x0
 .v4_bx         0x08005dd4        0x0 linker stubs

.iplt           0x08005dd4        0x0
 .iplt          0x08005dd4        0x0 C:/ST/STM32CubeIDE_1.15.1/STM32CubeIDE/plugins/com.st.stm32cube.ide.mcu.externaltools.gnu-tools-for-stm32.12.3.rel1.win32_1.0.100.202403111256/tools/bin/../lib/gcc/arm-none-eabi/12.3.1/thumb/v6-m/nofp/crtbegin.o

.rodata         0x08005dd4      0x100
                0x08005dd4                        . = ALIGN (0x4)
 *(.rodata)
 .rodata        0x08005dd4       0x7c C:/ST/STM32CubeIDE_1.15.1/STM32CubeIDE/plugins/com.st.stm32cube.ide.mcu.externaltools.gnu-tools-for-stm32.12.3.rel1.win32_1.0.100.202403111256/tools/bin/../lib/gcc/arm-none-eabi/12.3.1/thumb/v6-m/nofp\libgcc.a(divsf3.o)
 .rodata        0x08005e50       0x40 C:/ST/STM32CubeIDE_1.15.1/STM32CubeIDE/plugins/com.st.stm32cube.ide.mcu.externaltools.gnu-tools-for-stm32.12.3.rel1.win32_1.0.100.202403111256/tools/bin/../lib/gcc/arm-none-eabi/12.3.1/thumb/v6-m/nofp\libgcc.a(divdf3.o)
 *(.rodata*)
 .rodata.AHBPrescTable
                0x08005e90       0x40 ./Core/Src/system_stm32c0xx.o
                0x08005e90                AHBPrescTable
 .rodata.log.str1.1
                0x08005ed0        0x1 C:/ST/STM32CubeIDE_1.15.1/STM32CubeIDE/plugins/com.st.stm32cube.ide.mcu.externaltools.gnu-tools-for-stm32.12.3.rel1.win32_1.0.100.202403111256/tools/bin/../lib/gcc/arm-none-eabi/12.3.1/../../../../arm-none-eabi/lib/thumb/v6-m/nofp\libm.a(libm_a-w_log.o)
                0x08005ed4                        . = ALIGN (0x4)
 *fill*         0x08005ed1        0x3 

.ARM.extab      0x08005ed4        0x0
                0x08005ed4                        . = ALIGN (0x4)
 *(.ARM.extab* .gnu.linkonce.armextab.*)
                0x08005ed4                        . = ALIGN (0x4)

.ARM            0x08005ed4        0x0
                0x08005ed4                        . = ALIGN (0x4)
                0x08005ed4                        __exidx_start = .
 *(.ARM.exidx*)
                0x08005ed4                        __exidx_end = .
                0x08005ed4                        . = ALIGN (0x4)

.preinit_array  0x08005ed4        0x0
                0x08005ed4                        . = ALIGN (0x4)
                0x08005ed4                        PROVIDE (__preinit_array_start = .)
 *(.preinit_array*)
                0x08005ed4                        PROVIDE (__preinit_array_end = .)
                0x08005ed4                        . = ALIGN (0x4)

.init_array     0x08005ed4        0x4
                0x08005ed4                        . = ALIGN (0x4)
                0x08005ed4                        PROVIDE (__init_array_start = .)
 *(SORT_BY_NAME(.init_array.*))
 *(.init_array*)
 .init_array    0x08005ed4        0x4 C:/ST/STM32CubeIDE_1.15.1/STM32CubeIDE/plugins/com.st.stm32cube.ide.mcu.externaltools.gnu-tools-for-stm32.12.3.rel1.win32_1.0.100.202403111256/tools/bin/../lib/gcc/arm-none-eabi/12.3.1/thumb/v6-m/nofp/crtbegin.o
                0x08005ed8                        PROVIDE (__init_array_end = .)
                0x08005ed8                        . = ALIGN (0x4)

.fini_array     0x08005ed8        0x4
                0x08005ed8                        . = ALIGN (0x4)
                [!provide]                        PROVIDE (__fini_array_start = .)
 *(SORT_BY_NAME(.fini_array.*))
 *(.fini_array*)
 .fini_array    0x08005ed8        0x4 C:/ST/STM32CubeIDE_1.15.1/STM32CubeIDE/plugins/com.st.stm32cube.ide.mcu.externaltools.gnu-tools-for-stm32.12.3.rel1.win32_1.0.100.202403111256/tools/bin/../lib/gcc/arm-none-eabi/12.3.1/thumb/v6-m/nofp/crtbegin.o
                [!provide]                        PROVIDE (__fini_array_end = .)
                0x08005edc                        . = ALIGN (0x4)
                0x08005edc                        _sidata = LOADADDR (.data)

.rel.dyn        0x08005edc        0x0
 .rel.iplt      0x08005edc        0x0 C:/ST/STM32CubeIDE_1.15.1/STM32CubeIDE/plugins/com.st.stm32cube.ide.mcu.externaltools.gnu-tools-for-stm32.12.3.rel1.win32_1.0.100.202403111256/tools/bin/../lib/gcc/arm-none-eabi/12.3.1/thumb/v6-m/nofp/crtbegin.o

.data           0x20000000       0x5c load address 0x08005edc
                0x20000000                        . = ALIGN (0x4)
                0x20000000                        _sdata = .
 *(.data)
 *(.data*)
 .data.SystemCoreClock
                0x20000000        0x4 ./Core/Src/system_stm32c0xx.o
                0x20000000                SystemCoreClock
 .data.uwTickPrio
                0x20000004        0x4 ./Drivers/STM32C0xx_HAL_Driver/Src/stm32c0xx_hal.o
                0x20000004                uwTickPrio
 .data.uwTickFreq
                0x20000008        0x1 ./Drivers/STM32C0xx_HAL_Driver/Src/stm32c0xx_hal.o
                0x20000008                uwTickFreq
 *fill*         0x20000009        0x3 
 .data._impure_ptr
                0x2000000c        0x4 C:/ST/STM32CubeIDE_1.15.1/STM32CubeIDE/plugins/com.st.stm32cube.ide.mcu.externaltools.gnu-tools-for-stm32.12.3.rel1.win32_1.0.100.202403111256/tools/bin/../lib/gcc/arm-none-eabi/12.3.1/../../../../arm-none-eabi/lib/thumb/v6-m/nofp\libc_nano.a(libc_a-impure.o)
                0x2000000c                _impure_ptr
 .data._impure_data
                0x20000010       0x4c C:/ST/STM32CubeIDE_1.15.1/STM32CubeIDE/plugins/com.st.stm32cube.ide.mcu.externaltools.gnu-tools-for-stm32.12.3.rel1.win32_1.0.100.202403111256/tools/bin/../lib/gcc/arm-none-eabi/12.3.1/../../../../arm-none-eabi/lib/thumb/v6-m/nofp\libc_nano.a(libc_a-impure.o)
                0x20000010                _impure_data
 *(.RamFunc)
 *(.RamFunc*)
                0x2000005c                        . = ALIGN (0x4)
                0x2000005c                        _edata = .

.igot.plt       0x2000005c        0x0 load address 0x08005f38
 .igot.plt      0x2000005c        0x0 C:/ST/STM32CubeIDE_1.15.1/STM32CubeIDE/plugins/com.st.stm32cube.ide.mcu.externaltools.gnu-tools-for-stm32.12.3.rel1.win32_1.0.100.202403111256/tools/bin/../lib/gcc/arm-none-eabi/12.3.1/thumb/v6-m/nofp/crtbegin.o
                0x2000005c                        . = ALIGN (0x4)

.bss            0x2000005c      0x208 load address 0x08005f38
                0x2000005c                        _sbss = .
                0x2000005c                        __bss_start__ = _sbss
 *(.bss)
 .bss           0x2000005c       0x1c C:/ST/STM32CubeIDE_1.15.1/STM32CubeIDE/plugins/com.st.stm32cube.ide.mcu.externaltools.gnu-tools-for-stm32.12.3.rel1.win32_1.0.100.202403111256/tools/bin/../lib/gcc/arm-none-eabi/12.3.1/thumb/v6-m/nofp/crtbegin.o
 *(.bss*)
 .bss.hadc1     0x20000078       0x64 ./Core/Src/main.o
                0x20000078                hadc1
 .bss.htim3     0x200000dc       0x4c ./Core/Src/main.o
                0x200000dc                htim3
 .bss.uwTick    0x20000128        0x4 ./Drivers/STM32C0xx_HAL_Driver/Src/stm32c0xx_hal.o
                0x20000128                uwTick
 .bss.__sf      0x2000012c      0x138 C:/ST/STM32CubeIDE_1.15.1/STM32CubeIDE/plugins/com.st.stm32cube.ide.mcu.externaltools.gnu-tools-for-stm32.12.3.rel1.win32_1.0.100.202403111256/tools/bin/../lib/gcc/arm-none-eabi/12.3.1/../../../../arm-none-eabi/lib/thumb/v6-m/nofp\libc_nano.a(libc_a-findfp.o)
                0x2000012c                __sf
 *(COMMON)
                0x20000264                        . = ALIGN (0x4)
                0x20000264                        _ebss = .
                0x20000264                        __bss_end__ = _ebss

._user_heap_stack
                0x20000264      0x604 load address 0x08005f38
                0x20000268                        . = ALIGN (0x8)
 *fill*         0x20000264        0x4 
                [!provide]                        PROVIDE (end = .)
                0x20000268                        PROVIDE (_end = .)
                0x20000468                        . = (. + _Min_Heap_Size)
 *fill*         0x20000268      0x200 
                0x20000868                        . = (. + _Min_Stack_Size)
 *fill*         0x20000468      0x400 
                0x20000868                        . = ALIGN (0x8)

/DISCARD/
 libc.a(*)
 libm.a(*)
 libgcc.a(*)

.ARM.attributes
                0x00000000       0x28
 *(.ARM.attributes)
 .ARM.attributes
                0x00000000       0x1e C:/ST/STM32CubeIDE_1.15.1/STM32CubeIDE/plugins/com.st.stm32cube.ide.mcu.externaltools.gnu-tools-for-stm32.12.3.rel1.win32_1.0.100.202403111256/tools/bin/../lib/gcc/arm-none-eabi/12.3.1/thumb/v6-m/nofp/crti.o
 .ARM.attributes
                0x0000001e       0x2c C:/ST/STM32CubeIDE_1.15.1/STM32CubeIDE/plugins/com.st.stm32cube.ide.mcu.externaltools.gnu-tools-for-stm32.12.3.rel1.win32_1.0.100.202403111256/tools/bin/../lib/gcc/arm-none-eabi/12.3.1/thumb/v6-m/nofp/crtbegin.o
 .ARM.attributes
                0x0000004a       0x2c ./Core/Src/main.o
 .ARM.attributes
                0x00000076       0x2c ./Core/Src/stm32c0xx_hal_msp.o
 .ARM.attributes
                0x000000a2       0x2c ./Core/Src/stm32c0xx_it.o
 .ARM.attributes
                0x000000ce       0x2c ./Core/Src/system_stm32c0xx.o
 .ARM.attributes
                0x000000fa       0x22 ./Core/Startup/startup_stm32c011f6px.o
 .ARM.attributes
                0x0000011c       0x2c ./Drivers/STM32C0xx_HAL_Driver/Src/stm32c0xx_hal.o
 .ARM.attributes
                0x00000148       0x2c ./Drivers/STM32C0xx_HAL_Driver/Src/stm32c0xx_hal_adc.o
 .ARM.attributes
                0x00000174       0x2c ./Drivers/STM32C0xx_HAL_Driver/Src/stm32c0xx_hal_cortex.o
 .ARM.attributes
                0x000001a0       0x2c ./Drivers/STM32C0xx_HAL_Driver/Src/stm32c0xx_hal_gpio.o
 .ARM.attributes
                0x000001cc       0x2c ./Drivers/STM32C0xx_HAL_Driver/Src/stm32c0xx_hal_rcc.o
 .ARM.attributes
                0x000001f8       0x2c ./Drivers/STM32C0xx_HAL_Driver/Src/stm32c0xx_hal_rcc_ex.o
 .ARM.attributes
                0x00000224       0x2c ./Drivers/STM32C0xx_HAL_Driver/Src/stm32c0xx_hal_tim.o
 .ARM.attributes
                0x00000250       0x2c ./Drivers/STM32C0xx_HAL_Driver/Src/stm32c0xx_hal_tim_ex.o
 .ARM.attributes
                0x0000027c       0x2c C:/ST/STM32CubeIDE_1.15.1/STM32CubeIDE/plugins/com.st.stm32cube.ide.mcu.externaltools.gnu-tools-for-stm32.12.3.rel1.win32_1.0.100.202403111256/tools/bin/../lib/gcc/arm-none-eabi/12.3.1/../../../../arm-none-eabi/lib/thumb/v6-m/nofp\libc_nano.a(libc_a-findfp.o)
 .ARM.attributes
                0x000002a8       0x2c C:/ST/STM32CubeIDE_1.15.1/STM32CubeIDE/plugins/com.st.stm32cube.ide.mcu.externaltools.gnu-tools-for-stm32.12.3.rel1.win32_1.0.100.202403111256/tools/bin/../lib/gcc/arm-none-eabi/12.3.1/../../../../arm-none-eabi/lib/thumb/v6-m/nofp\libc_nano.a(libc_a-memset.o)
 .ARM.attributes
                0x000002d4       0x2c C:/ST/STM32CubeIDE_1.15.1/STM32CubeIDE/plugins/com.st.stm32cube.ide.mcu.externaltools.gnu-tools-for-stm32.12.3.rel1.win32_1.0.100.202403111256/tools/bin/../lib/gcc/arm-none-eabi/12.3.1/../../../../arm-none-eabi/lib/thumb/v6-m/nofp\libc_nano.a(libc_a-impure.o)
 .ARM.attributes
                0x00000300       0x2c C:/ST/STM32CubeIDE_1.15.1/STM32CubeIDE/plugins/com.st.stm32cube.ide.mcu.externaltools.gnu-tools-for-stm32.12.3.rel1.win32_1.0.100.202403111256/tools/bin/../lib/gcc/arm-none-eabi/12.3.1/../../../../arm-none-eabi/lib/thumb/v6-m/nofp\libc_nano.a(libc_a-errno.o)
 .ARM.attributes
                0x0000032c       0x2c C:/ST/STM32CubeIDE_1.15.1/STM32CubeIDE/plugins/com.st.stm32cube.ide.mcu.externaltools.gnu-tools-for-stm32.12.3.rel1.win32_1.0.100.202403111256/tools/bin/../lib/gcc/arm-none-eabi/12.3.1/../../../../arm-none-eabi/lib/thumb/v6-m/nofp\libc_nano.a(libc_a-init.o)
 .ARM.attributes
                0x00000358       0x2c C:/ST/STM32CubeIDE_1.15.1/STM32CubeIDE/plugins/com.st.stm32cube.ide.mcu.externaltools.gnu-tools-for-stm32.12.3.rel1.win32_1.0.100.202403111256/tools/bin/../lib/gcc/arm-none-eabi/12.3.1/../../../../arm-none-eabi/lib/thumb/v6-m/nofp\libm.a(libm_a-w_log.o)
 .ARM.attributes
                0x00000384       0x2c C:/ST/STM32CubeIDE_1.15.1/STM32CubeIDE/plugins/com.st.stm32cube.ide.mcu.externaltools.gnu-tools-for-stm32.12.3.rel1.win32_1.0.100.202403111256/tools/bin/../lib/gcc/arm-none-eabi/12.3.1/../../../../arm-none-eabi/lib/thumb/v6-m/nofp\libm.a(libm_a-s_nan.o)
 .ARM.attributes
                0x000003b0       0x2c C:/ST/STM32CubeIDE_1.15.1/STM32CubeIDE/plugins/com.st.stm32cube.ide.mcu.externaltools.gnu-tools-for-stm32.12.3.rel1.win32_1.0.100.202403111256/tools/bin/../lib/gcc/arm-none-eabi/12.3.1/../../../../arm-none-eabi/lib/thumb/v6-m/nofp\libm.a(libm_a-e_log.o)
 .ARM.attributes
                0x000003dc       0x1e C:/ST/STM32CubeIDE_1.15.1/STM32CubeIDE/plugins/com.st.stm32cube.ide.mcu.externaltools.gnu-tools-for-stm32.12.3.rel1.win32_1.0.100.202403111256/tools/bin/../lib/gcc/arm-none-eabi/12.3.1/thumb/v6-m/nofp\libgcc.a(_udivsi3.o)
 .ARM.attributes
                0x000003fa       0x1e C:/ST/STM32CubeIDE_1.15.1/STM32CubeIDE/plugins/com.st.stm32cube.ide.mcu.externaltools.gnu-tools-for-stm32.12.3.rel1.win32_1.0.100.202403111256/tools/bin/../lib/gcc/arm-none-eabi/12.3.1/thumb/v6-m/nofp\libgcc.a(_dvmd_tls.o)
 .ARM.attributes
                0x00000418       0x1e C:/ST/STM32CubeIDE_1.15.1/STM32CubeIDE/plugins/com.st.stm32cube.ide.mcu.externaltools.gnu-tools-for-stm32.12.3.rel1.win32_1.0.100.202403111256/tools/bin/../lib/gcc/arm-none-eabi/12.3.1/thumb/v6-m/nofp\libgcc.a(_arm_cmpdf2.o)
 .ARM.attributes
                0x00000436       0x1e C:/ST/STM32CubeIDE_1.15.1/STM32CubeIDE/plugins/com.st.stm32cube.ide.mcu.externaltools.gnu-tools-for-stm32.12.3.rel1.win32_1.0.100.202403111256/tools/bin/../lib/gcc/arm-none-eabi/12.3.1/thumb/v6-m/nofp\libgcc.a(_arm_cmpsf2.o)
 .ARM.attributes
                0x00000454       0x2c C:/ST/STM32CubeIDE_1.15.1/STM32CubeIDE/plugins/com.st.stm32cube.ide.mcu.externaltools.gnu-tools-for-stm32.12.3.rel1.win32_1.0.100.202403111256/tools/bin/../lib/gcc/arm-none-eabi/12.3.1/thumb/v6-m/nofp\libgcc.a(addsf3.o)
 .ARM.attributes
                0x00000480       0x2c C:/ST/STM32CubeIDE_1.15.1/STM32CubeIDE/plugins/com.st.stm32cube.ide.mcu.externaltools.gnu-tools-for-stm32.12.3.rel1.win32_1.0.100.202403111256/tools/bin/../lib/gcc/arm-none-eabi/12.3.1/thumb/v6-m/nofp\libgcc.a(divsf3.o)
 .ARM.attributes
                0x000004ac       0x2c C:/ST/STM32CubeIDE_1.15.1/STM32CubeIDE/plugins/com.st.stm32cube.ide.mcu.externaltools.gnu-tools-for-stm32.12.3.rel1.win32_1.0.100.202403111256/tools/bin/../lib/gcc/arm-none-eabi/12.3.1/thumb/v6-m/nofp\libgcc.a(eqsf2.o)
 .ARM.attributes
                0x000004d8       0x2c C:/ST/STM32CubeIDE_1.15.1/STM32CubeIDE/plugins/com.st.stm32cube.ide.mcu.externaltools.gnu-tools-for-stm32.12.3.rel1.win32_1.0.100.202403111256/tools/bin/../lib/gcc/arm-none-eabi/12.3.1/thumb/v6-m/nofp\libgcc.a(gesf2.o)
 .ARM.attributes
                0x00000504       0x2c C:/ST/STM32CubeIDE_1.15.1/STM32CubeIDE/plugins/com.st.stm32cube.ide.mcu.externaltools.gnu-tools-for-stm32.12.3.rel1.win32_1.0.100.202403111256/tools/bin/../lib/gcc/arm-none-eabi/12.3.1/thumb/v6-m/nofp\libgcc.a(lesf2.o)
 .ARM.attributes
                0x00000530       0x2c C:/ST/STM32CubeIDE_1.15.1/STM32CubeIDE/plugins/com.st.stm32cube.ide.mcu.externaltools.gnu-tools-for-stm32.12.3.rel1.win32_1.0.100.202403111256/tools/bin/../lib/gcc/arm-none-eabi/12.3.1/thumb/v6-m/nofp\libgcc.a(mulsf3.o)
 .ARM.attributes
                0x0000055c       0x2c C:/ST/STM32CubeIDE_1.15.1/STM32CubeIDE/plugins/com.st.stm32cube.ide.mcu.externaltools.gnu-tools-for-stm32.12.3.rel1.win32_1.0.100.202403111256/tools/bin/../lib/gcc/arm-none-eabi/12.3.1/thumb/v6-m/nofp\libgcc.a(subsf3.o)
 .ARM.attributes
                0x00000588       0x2c C:/ST/STM32CubeIDE_1.15.1/STM32CubeIDE/plugins/com.st.stm32cube.ide.mcu.externaltools.gnu-tools-for-stm32.12.3.rel1.win32_1.0.100.202403111256/tools/bin/../lib/gcc/arm-none-eabi/12.3.1/thumb/v6-m/nofp\libgcc.a(floatunsisf.o)
 .ARM.attributes
                0x000005b4       0x2c C:/ST/STM32CubeIDE_1.15.1/STM32CubeIDE/plugins/com.st.stm32cube.ide.mcu.externaltools.gnu-tools-for-stm32.12.3.rel1.win32_1.0.100.202403111256/tools/bin/../lib/gcc/arm-none-eabi/12.3.1/thumb/v6-m/nofp\libgcc.a(adddf3.o)
 .ARM.attributes
                0x000005e0       0x2c C:/ST/STM32CubeIDE_1.15.1/STM32CubeIDE/plugins/com.st.stm32cube.ide.mcu.externaltools.gnu-tools-for-stm32.12.3.rel1.win32_1.0.100.202403111256/tools/bin/../lib/gcc/arm-none-eabi/12.3.1/thumb/v6-m/nofp\libgcc.a(divdf3.o)
 .ARM.attributes
                0x0000060c       0x2c C:/ST/STM32CubeIDE_1.15.1/STM32CubeIDE/plugins/com.st.stm32cube.ide.mcu.externaltools.gnu-tools-for-stm32.12.3.rel1.win32_1.0.100.202403111256/tools/bin/../lib/gcc/arm-none-eabi/12.3.1/thumb/v6-m/nofp\libgcc.a(eqdf2.o)
 .ARM.attributes
                0x00000638       0x2c C:/ST/STM32CubeIDE_1.15.1/STM32CubeIDE/plugins/com.st.stm32cube.ide.mcu.externaltools.gnu-tools-for-stm32.12.3.rel1.win32_1.0.100.202403111256/tools/bin/../lib/gcc/arm-none-eabi/12.3.1/thumb/v6-m/nofp\libgcc.a(gedf2.o)
 .ARM.attributes
                0x00000664       0x2c C:/ST/STM32CubeIDE_1.15.1/STM32CubeIDE/plugins/com.st.stm32cube.ide.mcu.externaltools.gnu-tools-for-stm32.12.3.rel1.win32_1.0.100.202403111256/tools/bin/../lib/gcc/arm-none-eabi/12.3.1/thumb/v6-m/nofp\libgcc.a(ledf2.o)
 .ARM.attributes
                0x00000690       0x2c C:/ST/STM32CubeIDE_1.15.1/STM32CubeIDE/plugins/com.st.stm32cube.ide.mcu.externaltools.gnu-tools-for-stm32.12.3.rel1.win32_1.0.100.202403111256/tools/bin/../lib/gcc/arm-none-eabi/12.3.1/thumb/v6-m/nofp\libgcc.a(muldf3.o)
 .ARM.attributes
                0x000006bc       0x2c C:/ST/STM32CubeIDE_1.15.1/STM32CubeIDE/plugins/com.st.stm32cube.ide.mcu.externaltools.gnu-tools-for-stm32.12.3.rel1.win32_1.0.100.202403111256/tools/bin/../lib/gcc/arm-none-eabi/12.3.1/thumb/v6-m/nofp\libgcc.a(subdf3.o)
 .ARM.attributes
                0x000006e8       0x2c C:/ST/STM32CubeIDE_1.15.1/STM32CubeIDE/plugins/com.st.stm32cube.ide.mcu.externaltools.gnu-tools-for-stm32.12.3.rel1.win32_1.0.100.202403111256/tools/bin/../lib/gcc/arm-none-eabi/12.3.1/thumb/v6-m/nofp\libgcc.a(unorddf2.o)
 .ARM.attributes
                0x00000714       0x2c C:/ST/STM32CubeIDE_1.15.1/STM32CubeIDE/plugins/com.st.stm32cube.ide.mcu.externaltools.gnu-tools-for-stm32.12.3.rel1.win32_1.0.100.202403111256/tools/bin/../lib/gcc/arm-none-eabi/12.3.1/thumb/v6-m/nofp\libgcc.a(floatsidf.o)
 .ARM.attributes
                0x00000740       0x2c C:/ST/STM32CubeIDE_1.15.1/STM32CubeIDE/plugins/com.st.stm32cube.ide.mcu.externaltools.gnu-tools-for-stm32.12.3.rel1.win32_1.0.100.202403111256/tools/bin/../lib/gcc/arm-none-eabi/12.3.1/thumb/v6-m/nofp\libgcc.a(extendsfdf2.o)
 .ARM.attributes
                0x0000076c       0x2c C:/ST/STM32CubeIDE_1.15.1/STM32CubeIDE/plugins/com.st.stm32cube.ide.mcu.externaltools.gnu-tools-for-stm32.12.3.rel1.win32_1.0.100.202403111256/tools/bin/../lib/gcc/arm-none-eabi/12.3.1/thumb/v6-m/nofp\libgcc.a(truncdfsf2.o)
 .ARM.attributes
                0x00000798       0x1e C:/ST/STM32CubeIDE_1.15.1/STM32CubeIDE/plugins/com.st.stm32cube.ide.mcu.externaltools.gnu-tools-for-stm32.12.3.rel1.win32_1.0.100.202403111256/tools/bin/../lib/gcc/arm-none-eabi/12.3.1/thumb/v6-m/nofp\libgcc.a(_clzsi2.o)
 .ARM.attributes
                0x000007b6       0x1e C:/ST/STM32CubeIDE_1.15.1/STM32CubeIDE/plugins/com.st.stm32cube.ide.mcu.externaltools.gnu-tools-for-stm32.12.3.rel1.win32_1.0.100.202403111256/tools/bin/../lib/gcc/arm-none-eabi/12.3.1/thumb/v6-m/nofp/crtn.o
OUTPUT(alertaTemperatura.elf elf32-littlearm)
LOAD linker stubs
LOAD C:/ST/STM32CubeIDE_1.15.1/STM32CubeIDE/plugins/com.st.stm32cube.ide.mcu.externaltools.gnu-tools-for-stm32.12.3.rel1.win32_1.0.100.202403111256/tools/bin/../lib/gcc/arm-none-eabi/12.3.1/../../../../arm-none-eabi/lib/thumb/v6-m/nofp\libc.a
LOAD C:/ST/STM32CubeIDE_1.15.1/STM32CubeIDE/plugins/com.st.stm32cube.ide.mcu.externaltools.gnu-tools-for-stm32.12.3.rel1.win32_1.0.100.202403111256/tools/bin/../lib/gcc/arm-none-eabi/12.3.1/../../../../arm-none-eabi/lib/thumb/v6-m/nofp\libm.a
LOAD C:/ST/STM32CubeIDE_1.15.1/STM32CubeIDE/plugins/com.st.stm32cube.ide.mcu.externaltools.gnu-tools-for-stm32.12.3.rel1.win32_1.0.100.202403111256/tools/bin/../lib/gcc/arm-none-eabi/12.3.1/thumb/v6-m/nofp\libgcc.a

.debug_info     0x00000000     0xaa31
 .debug_info    0x00000000     0x1211 ./Core/Src/main.o
 .debug_info    0x00001211      0xfe0 ./Core/Src/stm32c0xx_hal_msp.o
 .debug_info    0x000021f1      0x795 ./Core/Src/stm32c0xx_it.o
 .debug_info    0x00002986      0x368 ./Core/Src/system_stm32c0xx.o
 .debug_info    0x00002cee       0x30 ./Core/Startup/startup_stm32c011f6px.o
 .debug_info    0x00002d1e      0x856 ./Drivers/STM32C0xx_HAL_Driver/Src/stm32c0xx_hal.o
 .debug_info    0x00003574     0x14ef ./Drivers/STM32C0xx_HAL_Driver/Src/stm32c0xx_hal_adc.o
 .debug_info    0x00004a63      0x82a ./Drivers/STM32C0xx_HAL_Driver/Src/stm32c0xx_hal_cortex.o
 .debug_info    0x0000528d      0x5b7 ./Drivers/STM32C0xx_HAL_Driver/Src/stm32c0xx_hal_gpio.o
 .debug_info    0x00005844      0x8bf ./Drivers/STM32C0xx_HAL_Driver/Src/stm32c0xx_hal_rcc.o
 .debug_info    0x00006103      0x551 ./Drivers/STM32C0xx_HAL_Driver/Src/stm32c0xx_hal_rcc_ex.o
 .debug_info    0x00006654     0x2b65 ./Drivers/STM32C0xx_HAL_Driver/Src/stm32c0xx_hal_tim.o
 .debug_info    0x000091b9     0x1878 ./Drivers/STM32C0xx_HAL_Driver/Src/stm32c0xx_hal_tim_ex.o

.debug_abbrev   0x00000000     0x1b3f
 .debug_abbrev  0x00000000      0x293 ./Core/Src/main.o
 .debug_abbrev  0x00000293      0x207 ./Core/Src/stm32c0xx_hal_msp.o
 .debug_abbrev  0x0000049a      0x1a4 ./Core/Src/stm32c0xx_it.o
 .debug_abbrev  0x0000063e      0x117 ./Core/Src/system_stm32c0xx.o
 .debug_abbrev  0x00000755       0x24 ./Core/Startup/startup_stm32c011f6px.o
 .debug_abbrev  0x00000779      0x2cb ./Drivers/STM32C0xx_HAL_Driver/Src/stm32c0xx_hal.o
 .debug_abbrev  0x00000a44      0x26d ./Drivers/STM32C0xx_HAL_Driver/Src/stm32c0xx_hal_adc.o
 .debug_abbrev  0x00000cb1      0x2b7 ./Drivers/STM32C0xx_HAL_Driver/Src/stm32c0xx_hal_cortex.o
 .debug_abbrev  0x00000f68      0x1d6 ./Drivers/STM32C0xx_HAL_Driver/Src/stm32c0xx_hal_gpio.o
 .debug_abbrev  0x0000113e      0x2a8 ./Drivers/STM32C0xx_HAL_Driver/Src/stm32c0xx_hal_rcc.o
 .debug_abbrev  0x000013e6      0x225 ./Drivers/STM32C0xx_HAL_Driver/Src/stm32c0xx_hal_rcc_ex.o
 .debug_abbrev  0x0000160b      0x28a ./Drivers/STM32C0xx_HAL_Driver/Src/stm32c0xx_hal_tim.o
 .debug_abbrev  0x00001895      0x2aa ./Drivers/STM32C0xx_HAL_Driver/Src/stm32c0xx_hal_tim_ex.o

.debug_aranges  0x00000000      0xbc8
 .debug_aranges
                0x00000000       0x58 ./Core/Src/main.o
 .debug_aranges
                0x00000058       0x40 ./Core/Src/stm32c0xx_hal_msp.o
 .debug_aranges
                0x00000098       0x48 ./Core/Src/stm32c0xx_it.o
 .debug_aranges
                0x000000e0       0x28 ./Core/Src/system_stm32c0xx.o
 .debug_aranges
                0x00000108       0x28 ./Core/Startup/startup_stm32c011f6px.o
 .debug_aranges
                0x00000130      0x110 ./Drivers/STM32C0xx_HAL_Driver/Src/stm32c0xx_hal.o
 .debug_aranges
                0x00000240      0x1f0 ./Drivers/STM32C0xx_HAL_Driver/Src/stm32c0xx_hal_adc.o
 .debug_aranges
                0x00000430       0xd8 ./Drivers/STM32C0xx_HAL_Driver/Src/stm32c0xx_hal_cortex.o
 .debug_aranges
                0x00000508       0x68 ./Drivers/STM32C0xx_HAL_Driver/Src/stm32c0xx_hal_gpio.o
 .debug_aranges
                0x00000570       0xa0 ./Drivers/STM32C0xx_HAL_Driver/Src/stm32c0xx_hal_rcc.o
 .debug_aranges
                0x00000610       0x40 ./Drivers/STM32C0xx_HAL_Driver/Src/stm32c0xx_hal_rcc_ex.o
 .debug_aranges
                0x00000650      0x3e0 ./Drivers/STM32C0xx_HAL_Driver/Src/stm32c0xx_hal_tim.o
 .debug_aranges
                0x00000a30      0x198 ./Drivers/STM32C0xx_HAL_Driver/Src/stm32c0xx_hal_tim_ex.o

.debug_rnglists
                0x00000000      0x91f
 .debug_rnglists
                0x00000000       0x42 ./Core/Src/main.o
 .debug_rnglists
                0x00000042       0x2c ./Core/Src/stm32c0xx_hal_msp.o
 .debug_rnglists
                0x0000006e       0x31 ./Core/Src/stm32c0xx_it.o
 .debug_rnglists
                0x0000009f       0x1a ./Core/Src/system_stm32c0xx.o
 .debug_rnglists
                0x000000b9       0x19 ./Core/Startup/startup_stm32c011f6px.o
 .debug_rnglists
                0x000000d2       0xc8 ./Drivers/STM32C0xx_HAL_Driver/Src/stm32c0xx_hal.o
 .debug_rnglists
                0x0000019a      0x17e ./Drivers/STM32C0xx_HAL_Driver/Src/stm32c0xx_hal_adc.o
 .debug_rnglists
                0x00000318       0x9f ./Drivers/STM32C0xx_HAL_Driver/Src/stm32c0xx_hal_cortex.o
 .debug_rnglists
                0x000003b7       0x4b ./Drivers/STM32C0xx_HAL_Driver/Src/stm32c0xx_hal_gpio.o
 .debug_rnglists
                0x00000402       0x78 ./Drivers/STM32C0xx_HAL_Driver/Src/stm32c0xx_hal_rcc.o
 .debug_rnglists
                0x0000047a       0x2d ./Drivers/STM32C0xx_HAL_Driver/Src/stm32c0xx_hal_rcc_ex.o
 .debug_rnglists
                0x000004a7      0x32a ./Drivers/STM32C0xx_HAL_Driver/Src/stm32c0xx_hal_tim.o
 .debug_rnglists
                0x000007d1      0x14e ./Drivers/STM32C0xx_HAL_Driver/Src/stm32c0xx_hal_tim_ex.o

.debug_macro    0x00000000    0x140c3
 .debug_macro   0x00000000      0x2b6 ./Core/Src/main.o
 .debug_macro   0x000002b6      0xa8a ./Core/Src/main.o
 .debug_macro   0x00000d40       0x2e ./Core/Src/main.o
 .debug_macro   0x00000d6e       0x28 ./Core/Src/main.o
 .debug_macro   0x00000d96       0x22 ./Core/Src/main.o
 .debug_macro   0x00000db8       0x8e ./Core/Src/main.o
 .debug_macro   0x00000e46       0x51 ./Core/Src/main.o
 .debug_macro   0x00000e97      0x103 ./Core/Src/main.o
 .debug_macro   0x00000f9a       0x6a ./Core/Src/main.o
 .debug_macro   0x00001004      0x1df ./Core/Src/main.o
 .debug_macro   0x000011e3       0x1c ./Core/Src/main.o
 .debug_macro   0x000011ff       0x22 ./Core/Src/main.o
 .debug_macro   0x00001221       0xd1 ./Core/Src/main.o
 .debug_macro   0x000012f2      0x4da ./Core/Src/main.o
 .debug_macro   0x000017cc      0x11f ./Core/Src/main.o
 .debug_macro   0x000018eb     0x91b4 ./Core/Src/main.o
 .debug_macro   0x0000aa9f       0x6c ./Core/Src/main.o
 .debug_macro   0x0000ab0b      0x16c ./Core/Src/main.o
 .debug_macro   0x0000ac77       0xe9 ./Core/Src/main.o
 .debug_macro   0x0000ad60     0x340f ./Core/Src/main.o
 .debug_macro   0x0000e16f      0x189 ./Core/Src/main.o
 .debug_macro   0x0000e2f8       0x5b ./Core/Src/main.o
 .debug_macro   0x0000e353      0x366 ./Core/Src/main.o
 .debug_macro   0x0000e6b9      0xaee ./Core/Src/main.o
 .debug_macro   0x0000f1a7      0x136 ./Core/Src/main.o
 .debug_macro   0x0000f2dd      0x15f ./Core/Src/main.o
 .debug_macro   0x0000f43c      0x166 ./Core/Src/main.o
 .debug_macro   0x0000f5a2      0x264 ./Core/Src/main.o
 .debug_macro   0x0000f806      0x17e ./Core/Src/main.o
 .debug_macro   0x0000f984       0x43 ./Core/Src/main.o
 .debug_macro   0x0000f9c7      0x1f1 ./Core/Src/main.o
 .debug_macro   0x0000fbb8      0x918 ./Core/Src/main.o
 .debug_macro   0x000104d0      0x5c9 ./Core/Src/main.o
 .debug_macro   0x00010a99       0x2e ./Core/Src/main.o
 .debug_macro   0x00010ac7      0x1aa ./Core/Src/main.o
 .debug_macro   0x00010c71      0x352 ./Core/Src/main.o
 .debug_macro   0x00010fc3       0x28 ./Core/Src/main.o
 .debug_macro   0x00010feb       0xba ./Core/Src/main.o
 .debug_macro   0x000110a5       0xff ./Core/Src/main.o
 .debug_macro   0x000111a4       0xc6 ./Core/Src/main.o
 .debug_macro   0x0001126a      0xabb ./Core/Src/main.o
 .debug_macro   0x00011d25       0xd9 ./Core/Src/main.o
 .debug_macro   0x00011dfe      0x3ba ./Core/Src/main.o
 .debug_macro   0x000121b8       0x34 ./Core/Src/main.o
 .debug_macro   0x000121ec       0x61 ./Core/Src/main.o
 .debug_macro   0x0001224d       0x24 ./Core/Src/main.o
 .debug_macro   0x00012271       0x43 ./Core/Src/main.o
 .debug_macro   0x000122b4       0x34 ./Core/Src/main.o
 .debug_macro   0x000122e8       0x16 ./Core/Src/main.o
 .debug_macro   0x000122fe       0x43 ./Core/Src/main.o
 .debug_macro   0x00012341       0x34 ./Core/Src/main.o
 .debug_macro   0x00012375       0x10 ./Core/Src/main.o
 .debug_macro   0x00012385       0x58 ./Core/Src/main.o
 .debug_macro   0x000123dd       0x8e ./Core/Src/main.o
 .debug_macro   0x0001246b       0x1c ./Core/Src/main.o
 .debug_macro   0x00012487      0x177 ./Core/Src/main.o
 .debug_macro   0x000125fe      0x369 ./Core/Src/main.o
 .debug_macro   0x00012967      0x19b ./Core/Src/main.o
 .debug_macro   0x00012b02      0x1f3 ./Core/Src/stm32c0xx_hal_msp.o
 .debug_macro   0x00012cf5      0x1fd ./Core/Src/stm32c0xx_it.o
 .debug_macro   0x00012ef2      0x1ea ./Core/Src/system_stm32c0xx.o
 .debug_macro   0x000130dc      0x202 ./Drivers/STM32C0xx_HAL_Driver/Src/stm32c0xx_hal.o
 .debug_macro   0x000132de      0x208 ./Drivers/STM32C0xx_HAL_Driver/Src/stm32c0xx_hal_adc.o
 .debug_macro   0x000134e6      0x1e4 ./Drivers/STM32C0xx_HAL_Driver/Src/stm32c0xx_hal_cortex.o
 .debug_macro   0x000136ca      0x219 ./Drivers/STM32C0xx_HAL_Driver/Src/stm32c0xx_hal_gpio.o
 .debug_macro   0x000138e3      0x214 ./Drivers/STM32C0xx_HAL_Driver/Src/stm32c0xx_hal_rcc.o
 .debug_macro   0x00013af7      0x1f6 ./Drivers/STM32C0xx_HAL_Driver/Src/stm32c0xx_hal_rcc_ex.o
 .debug_macro   0x00013ced      0x1ec ./Drivers/STM32C0xx_HAL_Driver/Src/stm32c0xx_hal_tim.o
 .debug_macro   0x00013ed9      0x1ea ./Drivers/STM32C0xx_HAL_Driver/Src/stm32c0xx_hal_tim_ex.o

.debug_line     0x00000000     0xce93
 .debug_line    0x00000000      0xab8 ./Core/Src/main.o
 .debug_line    0x00000ab8      0x825 ./Core/Src/stm32c0xx_hal_msp.o
 .debug_line    0x000012dd      0x80c ./Core/Src/stm32c0xx_it.o
 .debug_line    0x00001ae9      0x7d5 ./Core/Src/system_stm32c0xx.o
 .debug_line    0x000022be       0x7d ./Core/Startup/startup_stm32c011f6px.o
 .debug_line    0x0000233b      0xaee ./Drivers/STM32C0xx_HAL_Driver/Src/stm32c0xx_hal.o
 .debug_line    0x00002e29     0x191d ./Drivers/STM32C0xx_HAL_Driver/Src/stm32c0xx_hal_adc.o
 .debug_line    0x00004746      0xbb7 ./Drivers/STM32C0xx_HAL_Driver/Src/stm32c0xx_hal_cortex.o
 .debug_line    0x000052fd      0xbf6 ./Drivers/STM32C0xx_HAL_Driver/Src/stm32c0xx_hal_gpio.o
 .debug_line    0x00005ef3      0xd34 ./Drivers/STM32C0xx_HAL_Driver/Src/stm32c0xx_hal_rcc.o
 .debug_line    0x00006c27      0xa33 ./Drivers/STM32C0xx_HAL_Driver/Src/stm32c0xx_hal_rcc_ex.o
 .debug_line    0x0000765a     0x3bf2 ./Drivers/STM32C0xx_HAL_Driver/Src/stm32c0xx_hal_tim.o
 .debug_line    0x0000b24c     0x1c47 ./Drivers/STM32C0xx_HAL_Driver/Src/stm32c0xx_hal_tim_ex.o

.debug_str      0x00000000    0x82d3d
 .debug_str     0x00000000    0x7fcc1 ./Core/Src/main.o
                              0x80535 (size before relaxing)
 .debug_str     0x0007fcc1      0x2fa ./Core/Src/stm32c0xx_hal_msp.o
                              0x7cb85 (size before relaxing)
 .debug_str     0x0007ffbb       0xa5 ./Core/Src/stm32c0xx_it.o
                              0x7c558 (size before relaxing)
 .debug_str     0x00080060       0xad ./Core/Src/system_stm32c0xx.o
                              0x7bf7a (size before relaxing)
 .debug_str     0x0008010d       0x44 ./Core/Startup/startup_stm32c011f6px.o
                                 0x9c (size before relaxing)
 .debug_str     0x00080151      0x47f ./Drivers/STM32C0xx_HAL_Driver/Src/stm32c0xx_hal.o
                              0x7c5c6 (size before relaxing)
 .debug_str     0x000805d0      0x881 ./Drivers/STM32C0xx_HAL_Driver/Src/stm32c0xx_hal_adc.o
                              0x7cd0e (size before relaxing)
 .debug_str     0x00080e51      0x23d ./Drivers/STM32C0xx_HAL_Driver/Src/stm32c0xx_hal_cortex.o
                              0x7c362 (size before relaxing)
 .debug_str     0x0008108e      0x232 ./Drivers/STM32C0xx_HAL_Driver/Src/stm32c0xx_hal_gpio.o
                              0x7c179 (size before relaxing)
 .debug_str     0x000812c0      0x469 ./Drivers/STM32C0xx_HAL_Driver/Src/stm32c0xx_hal_rcc.o
                              0x7c56c (size before relaxing)
 .debug_str     0x00081729      0x128 ./Drivers/STM32C0xx_HAL_Driver/Src/stm32c0xx_hal_rcc_ex.o
                              0x7c1ea (size before relaxing)
 .debug_str     0x00081851      0xea1 ./Drivers/STM32C0xx_HAL_Driver/Src/stm32c0xx_hal_tim.o
                              0x7d4a9 (size before relaxing)
 .debug_str     0x000826f2      0x64b ./Drivers/STM32C0xx_HAL_Driver/Src/stm32c0xx_hal_tim_ex.o
                              0x7ce37 (size before relaxing)

.comment        0x00000000       0x43
 .comment       0x00000000       0x43 ./Core/Src/main.o
                                 0x44 (size before relaxing)
 .comment       0x00000043       0x44 ./Core/Src/stm32c0xx_hal_msp.o
 .comment       0x00000043       0x44 ./Core/Src/stm32c0xx_it.o
 .comment       0x00000043       0x44 ./Core/Src/system_stm32c0xx.o
 .comment       0x00000043       0x44 ./Drivers/STM32C0xx_HAL_Driver/Src/stm32c0xx_hal.o
 .comment       0x00000043       0x44 ./Drivers/STM32C0xx_HAL_Driver/Src/stm32c0xx_hal_adc.o
 .comment       0x00000043       0x44 ./Drivers/STM32C0xx_HAL_Driver/Src/stm32c0xx_hal_cortex.o
 .comment       0x00000043       0x44 ./Drivers/STM32C0xx_HAL_Driver/Src/stm32c0xx_hal_gpio.o
 .comment       0x00000043       0x44 ./Drivers/STM32C0xx_HAL_Driver/Src/stm32c0xx_hal_rcc.o
 .comment       0x00000043       0x44 ./Drivers/STM32C0xx_HAL_Driver/Src/stm32c0xx_hal_rcc_ex.o
 .comment       0x00000043       0x44 ./Drivers/STM32C0xx_HAL_Driver/Src/stm32c0xx_hal_tim.o
 .comment       0x00000043       0x44 ./Drivers/STM32C0xx_HAL_Driver/Src/stm32c0xx_hal_tim_ex.o

.debug_frame    0x00000000     0x308c
 .debug_frame   0x00000000      0x10c ./Core/Src/main.o
 .debug_frame   0x0000010c       0xb0 ./Core/Src/stm32c0xx_hal_msp.o
 .debug_frame   0x000001bc       0xb8 ./Core/Src/stm32c0xx_it.o
 .debug_frame   0x00000274       0x4c ./Core/Src/system_stm32c0xx.o
 .debug_frame   0x000002c0      0x3a0 ./Drivers/STM32C0xx_HAL_Driver/Src/stm32c0xx_hal.o
 .debug_frame   0x00000660      0x790 ./Drivers/STM32C0xx_HAL_Driver/Src/stm32c0xx_hal_adc.o
 .debug_frame   0x00000df0      0x2fc ./Drivers/STM32C0xx_HAL_Driver/Src/stm32c0xx_hal_cortex.o
 .debug_frame   0x000010ec      0x150 ./Drivers/STM32C0xx_HAL_Driver/Src/stm32c0xx_hal_gpio.o
 .debug_frame   0x0000123c      0x214 ./Drivers/STM32C0xx_HAL_Driver/Src/stm32c0xx_hal_rcc.o
 .debug_frame   0x00001450       0xac ./Drivers/STM32C0xx_HAL_Driver/Src/stm32c0xx_hal_rcc_ex.o
 .debug_frame   0x000014fc      0xf40 ./Drivers/STM32C0xx_HAL_Driver/Src/stm32c0xx_hal_tim.o
 .debug_frame   0x0000243c      0x620 ./Drivers/STM32C0xx_HAL_Driver/Src/stm32c0xx_hal_tim_ex.o
 .debug_frame   0x00002a5c      0x138 C:/ST/STM32CubeIDE_1.15.1/STM32CubeIDE/plugins/com.st.stm32cube.ide.mcu.externaltools.gnu-tools-for-stm32.12.3.rel1.win32_1.0.100.202403111256/tools/bin/../lib/gcc/arm-none-eabi/12.3.1/../../../../arm-none-eabi/lib/thumb/v6-m/nofp\libc_nano.a(libc_a-findfp.o)
 .debug_frame   0x00002b94       0x20 C:/ST/STM32CubeIDE_1.15.1/STM32CubeIDE/plugins/com.st.stm32cube.ide.mcu.externaltools.gnu-tools-for-stm32.12.3.rel1.win32_1.0.100.202403111256/tools/bin/../lib/gcc/arm-none-eabi/12.3.1/../../../../arm-none-eabi/lib/thumb/v6-m/nofp\libc_nano.a(libc_a-memset.o)
 .debug_frame   0x00002bb4       0x20 C:/ST/STM32CubeIDE_1.15.1/STM32CubeIDE/plugins/com.st.stm32cube.ide.mcu.externaltools.gnu-tools-for-stm32.12.3.rel1.win32_1.0.100.202403111256/tools/bin/../lib/gcc/arm-none-eabi/12.3.1/../../../../arm-none-eabi/lib/thumb/v6-m/nofp\libc_nano.a(libc_a-errno.o)
 .debug_frame   0x00002bd4       0x2c C:/ST/STM32CubeIDE_1.15.1/STM32CubeIDE/plugins/com.st.stm32cube.ide.mcu.externaltools.gnu-tools-for-stm32.12.3.rel1.win32_1.0.100.202403111256/tools/bin/../lib/gcc/arm-none-eabi/12.3.1/../../../../arm-none-eabi/lib/thumb/v6-m/nofp\libc_nano.a(libc_a-init.o)
 .debug_frame   0x00002c00       0x30 C:/ST/STM32CubeIDE_1.15.1/STM32CubeIDE/plugins/com.st.stm32cube.ide.mcu.externaltools.gnu-tools-for-stm32.12.3.rel1.win32_1.0.100.202403111256/tools/bin/../lib/gcc/arm-none-eabi/12.3.1/../../../../arm-none-eabi/lib/thumb/v6-m/nofp\libm.a(libm_a-w_log.o)
 .debug_frame   0x00002c30       0x20 C:/ST/STM32CubeIDE_1.15.1/STM32CubeIDE/plugins/com.st.stm32cube.ide.mcu.externaltools.gnu-tools-for-stm32.12.3.rel1.win32_1.0.100.202403111256/tools/bin/../lib/gcc/arm-none-eabi/12.3.1/../../../../arm-none-eabi/lib/thumb/v6-m/nofp\libm.a(libm_a-s_nan.o)
 .debug_frame   0x00002c50       0x30 C:/ST/STM32CubeIDE_1.15.1/STM32CubeIDE/plugins/com.st.stm32cube.ide.mcu.externaltools.gnu-tools-for-stm32.12.3.rel1.win32_1.0.100.202403111256/tools/bin/../lib/gcc/arm-none-eabi/12.3.1/../../../../arm-none-eabi/lib/thumb/v6-m/nofp\libm.a(libm_a-e_log.o)
 .debug_frame   0x00002c80       0x20 C:/ST/STM32CubeIDE_1.15.1/STM32CubeIDE/plugins/com.st.stm32cube.ide.mcu.externaltools.gnu-tools-for-stm32.12.3.rel1.win32_1.0.100.202403111256/tools/bin/../lib/gcc/arm-none-eabi/12.3.1/thumb/v6-m/nofp\libgcc.a(_udivsi3.o)
 .debug_frame   0x00002ca0       0x38 C:/ST/STM32CubeIDE_1.15.1/STM32CubeIDE/plugins/com.st.stm32cube.ide.mcu.externaltools.gnu-tools-for-stm32.12.3.rel1.win32_1.0.100.202403111256/tools/bin/../lib/gcc/arm-none-eabi/12.3.1/thumb/v6-m/nofp\libgcc.a(addsf3.o)
 .debug_frame   0x00002cd8       0x38 C:/ST/STM32CubeIDE_1.15.1/STM32CubeIDE/plugins/com.st.stm32cube.ide.mcu.externaltools.gnu-tools-for-stm32.12.3.rel1.win32_1.0.100.202403111256/tools/bin/../lib/gcc/arm-none-eabi/12.3.1/thumb/v6-m/nofp\libgcc.a(divsf3.o)
 .debug_frame   0x00002d10       0x2c C:/ST/STM32CubeIDE_1.15.1/STM32CubeIDE/plugins/com.st.stm32cube.ide.mcu.externaltools.gnu-tools-for-stm32.12.3.rel1.win32_1.0.100.202403111256/tools/bin/../lib/gcc/arm-none-eabi/12.3.1/thumb/v6-m/nofp\libgcc.a(eqsf2.o)
 .debug_frame   0x00002d3c       0x2c C:/ST/STM32CubeIDE_1.15.1/STM32CubeIDE/plugins/com.st.stm32cube.ide.mcu.externaltools.gnu-tools-for-stm32.12.3.rel1.win32_1.0.100.202403111256/tools/bin/../lib/gcc/arm-none-eabi/12.3.1/thumb/v6-m/nofp\libgcc.a(gesf2.o)
 .debug_frame   0x00002d68       0x2c C:/ST/STM32CubeIDE_1.15.1/STM32CubeIDE/plugins/com.st.stm32cube.ide.mcu.externaltools.gnu-tools-for-stm32.12.3.rel1.win32_1.0.100.202403111256/tools/bin/../lib/gcc/arm-none-eabi/12.3.1/thumb/v6-m/nofp\libgcc.a(lesf2.o)
 .debug_frame   0x00002d94       0x38 C:/ST/STM32CubeIDE_1.15.1/STM32CubeIDE/plugins/com.st.stm32cube.ide.mcu.externaltools.gnu-tools-for-stm32.12.3.rel1.win32_1.0.100.202403111256/tools/bin/../lib/gcc/arm-none-eabi/12.3.1/thumb/v6-m/nofp\libgcc.a(mulsf3.o)
 .debug_frame   0x00002dcc       0x38 C:/ST/STM32CubeIDE_1.15.1/STM32CubeIDE/plugins/com.st.stm32cube.ide.mcu.externaltools.gnu-tools-for-stm32.12.3.rel1.win32_1.0.100.202403111256/tools/bin/../lib/gcc/arm-none-eabi/12.3.1/thumb/v6-m/nofp\libgcc.a(subsf3.o)
 .debug_frame   0x00002e04       0x2c C:/ST/STM32CubeIDE_1.15.1/STM32CubeIDE/plugins/com.st.stm32cube.ide.mcu.externaltools.gnu-tools-for-stm32.12.3.rel1.win32_1.0.100.202403111256/tools/bin/../lib/gcc/arm-none-eabi/12.3.1/thumb/v6-m/nofp\libgcc.a(floatunsisf.o)
 .debug_frame   0x00002e30       0x3c C:/ST/STM32CubeIDE_1.15.1/STM32CubeIDE/plugins/com.st.stm32cube.ide.mcu.externaltools.gnu-tools-for-stm32.12.3.rel1.win32_1.0.100.202403111256/tools/bin/../lib/gcc/arm-none-eabi/12.3.1/thumb/v6-m/nofp\libgcc.a(adddf3.o)
 .debug_frame   0x00002e6c       0x3c C:/ST/STM32CubeIDE_1.15.1/STM32CubeIDE/plugins/com.st.stm32cube.ide.mcu.externaltools.gnu-tools-for-stm32.12.3.rel1.win32_1.0.100.202403111256/tools/bin/../lib/gcc/arm-none-eabi/12.3.1/thumb/v6-m/nofp\libgcc.a(divdf3.o)
 .debug_frame   0x00002ea8       0x38 C:/ST/STM32CubeIDE_1.15.1/STM32CubeIDE/plugins/com.st.stm32cube.ide.mcu.externaltools.gnu-tools-for-stm32.12.3.rel1.win32_1.0.100.202403111256/tools/bin/../lib/gcc/arm-none-eabi/12.3.1/thumb/v6-m/nofp\libgcc.a(eqdf2.o)
 .debug_frame   0x00002ee0       0x3c C:/ST/STM32CubeIDE_1.15.1/STM32CubeIDE/plugins/com.st.stm32cube.ide.mcu.externaltools.gnu-tools-for-stm32.12.3.rel1.win32_1.0.100.202403111256/tools/bin/../lib/gcc/arm-none-eabi/12.3.1/thumb/v6-m/nofp\libgcc.a(gedf2.o)
 .debug_frame   0x00002f1c       0x3c C:/ST/STM32CubeIDE_1.15.1/STM32CubeIDE/plugins/com.st.stm32cube.ide.mcu.externaltools.gnu-tools-for-stm32.12.3.rel1.win32_1.0.100.202403111256/tools/bin/../lib/gcc/arm-none-eabi/12.3.1/thumb/v6-m/nofp\libgcc.a(ledf2.o)
 .debug_frame   0x00002f58       0x3c C:/ST/STM32CubeIDE_1.15.1/STM32CubeIDE/plugins/com.st.stm32cube.ide.mcu.externaltools.gnu-tools-for-stm32.12.3.rel1.win32_1.0.100.202403111256/tools/bin/../lib/gcc/arm-none-eabi/12.3.1/thumb/v6-m/nofp\libgcc.a(muldf3.o)
 .debug_frame   0x00002f94       0x3c C:/ST/STM32CubeIDE_1.15.1/STM32CubeIDE/plugins/com.st.stm32cube.ide.mcu.externaltools.gnu-tools-for-stm32.12.3.rel1.win32_1.0.100.202403111256/tools/bin/../lib/gcc/arm-none-eabi/12.3.1/thumb/v6-m/nofp\libgcc.a(subdf3.o)
 .debug_frame   0x00002fd0       0x34 C:/ST/STM32CubeIDE_1.15.1/STM32CubeIDE/plugins/com.st.stm32cube.ide.mcu.externaltools.gnu-tools-for-stm32.12.3.rel1.win32_1.0.100.202403111256/tools/bin/../lib/gcc/arm-none-eabi/12.3.1/thumb/v6-m/nofp\libgcc.a(unorddf2.o)
 .debug_frame   0x00003004       0x2c C:/ST/STM32CubeIDE_1.15.1/STM32CubeIDE/plugins/com.st.stm32cube.ide.mcu.externaltools.gnu-tools-for-stm32.12.3.rel1.win32_1.0.100.202403111256/tools/bin/../lib/gcc/arm-none-eabi/12.3.1/thumb/v6-m/nofp\libgcc.a(floatsidf.o)
 .debug_frame   0x00003030       0x2c C:/ST/STM32CubeIDE_1.15.1/STM32CubeIDE/plugins/com.st.stm32cube.ide.mcu.externaltools.gnu-tools-for-stm32.12.3.rel1.win32_1.0.100.202403111256/tools/bin/../lib/gcc/arm-none-eabi/12.3.1/thumb/v6-m/nofp\libgcc.a(extendsfdf2.o)
 .debug_frame   0x0000305c       0x30 C:/ST/STM32CubeIDE_1.15.1/STM32CubeIDE/plugins/com.st.stm32cube.ide.mcu.externaltools.gnu-tools-for-stm32.12.3.rel1.win32_1.0.100.202403111256/tools/bin/../lib/gcc/arm-none-eabi/12.3.1/thumb/v6-m/nofp\libgcc.a(truncdfsf2.o)

.debug_line_str
                0x00000000       0x80
 .debug_line_str
                0x00000000       0x80 ./Core/Startup/startup_stm32c011f6px.o
