../Core/Src/ssd1306.c:7:6:ssd1306_Reset	8	static
../Core/Src/ssd1306.c:12:6:ssd1306_WriteCommand	32	static
../Core/Src/ssd1306.c:17:6:ssd1306_WriteData	32	static
../Core/Src/ssd1306.c:29:17:ssd1306_FillBuffer	32	static
../Core/Src/ssd1306.c:39:6:ssd1306_Init	8	static
../Core/Src/ssd1306.c:141:6:ssd1306_Fill	16	static
../Core/Src/ssd1306.c:146:6:ssd1306_UpdateScreen	16	static
../Core/Src/ssd1306.c:167:6:ssd1306_DrawPixel	24	static
../Core/Src/ssd1306.c:187:6:ssd1306_WriteChar	48	static
../Core/Src/ssd1306.c:222:6:ssd1306_WriteString	32	static
../Core/Src/ssd1306.c:236:6:ssd1306_SetCursor	16	static
../Core/Src/ssd1306.c:242:6:ssd1306_Line	48	static
../Core/Src/ssd1306.c:269:6:ssd1306_DrawBitmap	32	static
../Core/Src/ssd1306.c:293:6:ssd1306_SetContrast	24	static
../Core/Src/ssd1306.c:299:6:ssd1306_SetDisplayOn	24	static
../Core/Src/ssd1306.c:311:9:ssd1306_GetDisplayOn	8	static
