../Core/Src/bmp180_for_stm32_hal.c:20:6:BMP180_Init	16	static
../Core/Src/bmp180_for_stm32_hal.c:25:6:BMP180_SetOversampling	16	static
../Core/Src/bmp180_for_stm32_hal.c:29:6:BMP180_UpdateCalibrationData	8	static
../Core/Src/bmp180_for_stm32_hal.c:43:6:BMP180_WriteReg	32	static
../Core/Src/bmp180_for_stm32_hal.c:48:9:BMP180_ReadReg	40	static
../Core/Src/bmp180_for_stm32_hal.c:56:9:BMP180_GetRawTemperature	8	static
../Core/Src/bmp180_for_stm32_hal.c:62:7:BMP180_GetTemperature	24	static
../Core/Src/bmp180_for_stm32_hal.c:70:9:BMP180_GetPressure	56	static
../Core/Src/bmp180_for_stm32_hal.c:103:9:BMP180_GetUT	16	static
../Core/Src/bmp180_for_stm32_hal.c:109:9:BMP180_GetUP	16	static
../Core/Src/bmp180_for_stm32_hal.c:115:9:BMP180_ComputeB5	24	static
