../Drivers/STM32C0xx_HAL_Driver/Src/stm32c0xx_hal_uart.c:307:19:HAL_UART_Init	16	static
../Drivers/STM32C0xx_HAL_Driver/Src/stm32c0xx_hal_uart.c:382:19:HAL_HalfDuplex_Init	16	static
../Drivers/STM32C0xx_HAL_Driver/Src/stm32c0xx_hal_uart.c:457:19:HAL_LIN_Init	16	static
../Drivers/STM32C0xx_HAL_Driver/Src/stm32c0xx_hal_uart.c:556:19:HAL_MultiProcessor_Init	24	static
../Drivers/STM32C0xx_HAL_Driver/Src/stm32c0xx_hal_uart.c:632:19:HAL_UART_DeInit	16	static
../Drivers/STM32C0xx_HAL_Driver/Src/stm32c0xx_hal_uart.c:679:13:HAL_UART_MspInit	16	static
../Drivers/STM32C0xx_HAL_Driver/Src/stm32c0xx_hal_uart.c:694:13:HAL_UART_MspDeInit	16	static
../Drivers/STM32C0xx_HAL_Driver/Src/stm32c0xx_hal_uart.c:1133:19:HAL_UART_Transmit	48	static
../Drivers/STM32C0xx_HAL_Driver/Src/stm32c0xx_hal_uart.c:1239:19:HAL_UART_Receive	48	static
../Drivers/STM32C0xx_HAL_Driver/Src/stm32c0xx_hal_uart.c:1339:19:HAL_UART_Transmit_IT	56	static,ignoring_inline_asm
../Drivers/STM32C0xx_HAL_Driver/Src/stm32c0xx_hal_uart.c:1423:19:HAL_UART_Receive_IT	40	static,ignoring_inline_asm
../Drivers/STM32C0xx_HAL_Driver/Src/stm32c0xx_hal_uart.c:1478:19:HAL_UART_Transmit_DMA	40	static,ignoring_inline_asm
../Drivers/STM32C0xx_HAL_Driver/Src/stm32c0xx_hal_uart.c:1564:19:HAL_UART_Receive_DMA	40	static,ignoring_inline_asm
../Drivers/STM32C0xx_HAL_Driver/Src/stm32c0xx_hal_uart.c:1608:19:HAL_UART_DMAPause	88	static,ignoring_inline_asm
../Drivers/STM32C0xx_HAL_Driver/Src/stm32c0xx_hal_uart.c:1638:19:HAL_UART_DMAResume	80	static,ignoring_inline_asm
../Drivers/STM32C0xx_HAL_Driver/Src/stm32c0xx_hal_uart.c:1669:19:HAL_UART_DMAStop	56	static,ignoring_inline_asm
../Drivers/STM32C0xx_HAL_Driver/Src/stm32c0xx_hal_uart.c:1745:19:HAL_UART_Abort	96	static,ignoring_inline_asm
../Drivers/STM32C0xx_HAL_Driver/Src/stm32c0xx_hal_uart.c:1850:19:HAL_UART_AbortTransmit	64	static,ignoring_inline_asm
../Drivers/STM32C0xx_HAL_Driver/Src/stm32c0xx_hal_uart.c:1911:19:HAL_UART_AbortReceive	80	static,ignoring_inline_asm
../Drivers/STM32C0xx_HAL_Driver/Src/stm32c0xx_hal_uart.c:1981:19:HAL_UART_Abort_IT	104	static,ignoring_inline_asm
../Drivers/STM32C0xx_HAL_Driver/Src/stm32c0xx_hal_uart.c:2136:19:HAL_UART_AbortTransmit_IT	64	static,ignoring_inline_asm
../Drivers/STM32C0xx_HAL_Driver/Src/stm32c0xx_hal_uart.c:2229:19:HAL_UART_AbortReceive_IT	80	static,ignoring_inline_asm
../Drivers/STM32C0xx_HAL_Driver/Src/stm32c0xx_hal_uart.c:2324:6:HAL_UART_IRQHandler	184	static,ignoring_inline_asm
../Drivers/STM32C0xx_HAL_Driver/Src/stm32c0xx_hal_uart.c:2660:13:HAL_UART_TxCpltCallback	16	static
../Drivers/STM32C0xx_HAL_Driver/Src/stm32c0xx_hal_uart.c:2675:13:HAL_UART_TxHalfCpltCallback	16	static
../Drivers/STM32C0xx_HAL_Driver/Src/stm32c0xx_hal_uart.c:2690:13:HAL_UART_RxCpltCallback	16	static
../Drivers/STM32C0xx_HAL_Driver/Src/stm32c0xx_hal_uart.c:2705:13:HAL_UART_RxHalfCpltCallback	16	static
../Drivers/STM32C0xx_HAL_Driver/Src/stm32c0xx_hal_uart.c:2720:13:HAL_UART_ErrorCallback	16	static
../Drivers/STM32C0xx_HAL_Driver/Src/stm32c0xx_hal_uart.c:2735:13:HAL_UART_AbortCpltCallback	16	static
../Drivers/STM32C0xx_HAL_Driver/Src/stm32c0xx_hal_uart.c:2750:13:HAL_UART_AbortTransmitCpltCallback	16	static
../Drivers/STM32C0xx_HAL_Driver/Src/stm32c0xx_hal_uart.c:2765:13:HAL_UART_AbortReceiveCpltCallback	16	static
../Drivers/STM32C0xx_HAL_Driver/Src/stm32c0xx_hal_uart.c:2782:13:HAL_UARTEx_RxEventCallback	16	static
../Drivers/STM32C0xx_HAL_Driver/Src/stm32c0xx_hal_uart.c:2830:6:HAL_UART_ReceiverTimeout_Config	16	static
../Drivers/STM32C0xx_HAL_Driver/Src/stm32c0xx_hal_uart.c:2842:19:HAL_UART_EnableReceiverTimeout	16	static
../Drivers/STM32C0xx_HAL_Driver/Src/stm32c0xx_hal_uart.c:2873:19:HAL_UART_DisableReceiverTimeout	16	static
../Drivers/STM32C0xx_HAL_Driver/Src/stm32c0xx_hal_uart.c:2904:19:HAL_MultiProcessor_EnableMuteMode	32	static,ignoring_inline_asm
../Drivers/STM32C0xx_HAL_Driver/Src/stm32c0xx_hal_uart.c:2924:19:HAL_MultiProcessor_DisableMuteMode	32	static,ignoring_inline_asm
../Drivers/STM32C0xx_HAL_Driver/Src/stm32c0xx_hal_uart.c:2944:6:HAL_MultiProcessor_EnterMuteMode	16	static
../Drivers/STM32C0xx_HAL_Driver/Src/stm32c0xx_hal_uart.c:2954:19:HAL_HalfDuplex_EnableTransmitter	48	static,ignoring_inline_asm
../Drivers/STM32C0xx_HAL_Driver/Src/stm32c0xx_hal_uart.c:2977:19:HAL_HalfDuplex_EnableReceiver	48	static,ignoring_inline_asm
../Drivers/STM32C0xx_HAL_Driver/Src/stm32c0xx_hal_uart.c:3001:19:HAL_LIN_SendBreak	16	static
../Drivers/STM32C0xx_HAL_Driver/Src/stm32c0xx_hal_uart.c:3046:23:HAL_UART_GetState	24	static
../Drivers/STM32C0xx_HAL_Driver/Src/stm32c0xx_hal_uart.c:3062:10:HAL_UART_GetError	16	static
../Drivers/STM32C0xx_HAL_Driver/Src/stm32c0xx_hal_uart.c:3108:19:UART_SetConfig	40	static
../Drivers/STM32C0xx_HAL_Driver/Src/stm32c0xx_hal_uart.c:3254:6:UART_AdvFeatureConfig	16	static
../Drivers/STM32C0xx_HAL_Driver/Src/stm32c0xx_hal_uart.c:3330:19:UART_CheckIdleState	80	static,ignoring_inline_asm
../Drivers/STM32C0xx_HAL_Driver/Src/stm32c0xx_hal_uart.c:3399:19:UART_WaitOnFlagUntilTimeout	24	static
../Drivers/STM32C0xx_HAL_Driver/Src/stm32c0xx_hal_uart.c:3467:19:UART_Start_Receive_IT	104	static,ignoring_inline_asm
../Drivers/STM32C0xx_HAL_Driver/Src/stm32c0xx_hal_uart.c:3540:19:UART_Start_Receive_DMA	72	static,ignoring_inline_asm
../Drivers/STM32C0xx_HAL_Driver/Src/stm32c0xx_hal_uart.c:3597:13:UART_EndTxTransfer	48	static,ignoring_inline_asm
../Drivers/STM32C0xx_HAL_Driver/Src/stm32c0xx_hal_uart.c:3614:13:UART_EndRxTransfer	64	static,ignoring_inline_asm
../Drivers/STM32C0xx_HAL_Driver/Src/stm32c0xx_hal_uart.c:3641:13:UART_DMATransmitCplt	56	static,ignoring_inline_asm
../Drivers/STM32C0xx_HAL_Driver/Src/stm32c0xx_hal_uart.c:3675:13:UART_DMATxHalfCplt	24	static
../Drivers/STM32C0xx_HAL_Driver/Src/stm32c0xx_hal_uart.c:3693:13:UART_DMAReceiveCplt	88	static,ignoring_inline_asm
../Drivers/STM32C0xx_HAL_Driver/Src/stm32c0xx_hal_uart.c:3754:13:UART_DMARxHalfCplt	24	static
../Drivers/STM32C0xx_HAL_Driver/Src/stm32c0xx_hal_uart.c:3792:13:UART_DMAError	32	static
../Drivers/STM32C0xx_HAL_Driver/Src/stm32c0xx_hal_uart.c:3832:13:UART_DMAAbortOnError	24	static
../Drivers/STM32C0xx_HAL_Driver/Src/stm32c0xx_hal_uart.c:3855:13:UART_DMATxAbortCallback	24	static
../Drivers/STM32C0xx_HAL_Driver/Src/stm32c0xx_hal_uart.c:3910:13:UART_DMARxAbortCallback	24	static
../Drivers/STM32C0xx_HAL_Driver/Src/stm32c0xx_hal_uart.c:3962:13:UART_DMATxOnlyAbortCallback	24	static
../Drivers/STM32C0xx_HAL_Driver/Src/stm32c0xx_hal_uart.c:3995:13:UART_DMARxOnlyAbortCallback	24	static
../Drivers/STM32C0xx_HAL_Driver/Src/stm32c0xx_hal_uart.c:4029:13:UART_TxISR_8BIT	48	static,ignoring_inline_asm
../Drivers/STM32C0xx_HAL_Driver/Src/stm32c0xx_hal_uart.c:4058:13:UART_TxISR_16BIT	56	static,ignoring_inline_asm
../Drivers/STM32C0xx_HAL_Driver/Src/stm32c0xx_hal_uart.c:4090:13:UART_TxISR_8BIT_FIFOEN	56	static,ignoring_inline_asm
../Drivers/STM32C0xx_HAL_Driver/Src/stm32c0xx_hal_uart.c:4130:13:UART_TxISR_16BIT_FIFOEN	56	static,ignoring_inline_asm
../Drivers/STM32C0xx_HAL_Driver/Src/stm32c0xx_hal_uart.c:4171:13:UART_EndTransmit_IT	32	static,ignoring_inline_asm
../Drivers/STM32C0xx_HAL_Driver/Src/stm32c0xx_hal_uart.c:4196:13:UART_RxISR_8BIT	88	static,ignoring_inline_asm
../Drivers/STM32C0xx_HAL_Driver/Src/stm32c0xx_hal_uart.c:4284:13:UART_RxISR_16BIT	88	static,ignoring_inline_asm
../Drivers/STM32C0xx_HAL_Driver/Src/stm32c0xx_hal_uart.c:4374:13:UART_RxISR_8BIT_FIFOEN	136	static,ignoring_inline_asm
../Drivers/STM32C0xx_HAL_Driver/Src/stm32c0xx_hal_uart.c:4533:13:UART_RxISR_16BIT_FIFOEN	144	static,ignoring_inline_asm
