09:53:24 **** Incremental Build of configuration Debug for project 03-exemplo-hello-world ****
make -j4 all 
arm-none-eabi-gcc "../Core/Src/main.c" -mcpu=cortex-m0plus -std=gnu11 -g3 -DDEBUG -DUSE_HAL_DRIVER -DSTM32C011xx -c -I../Core/Inc -I../Drivers/STM32C0xx_HAL_Driver/Inc -I../Drivers/STM32C0xx_HAL_Driver/Inc/Legacy -I../Drivers/CMSIS/Device/ST/STM32C0xx/Include -I../Drivers/CMSIS/Include -O0 -ffunction-sections -fdata-sections -Wall -fstack-usage -fcyclomatic-complexity -MMD -MP -MF"Core/Src/main.d" -MT"Core/Src/main.o" --specs=nano.specs -mfloat-abi=soft -mthumb -o "Core/Src/main.o"
arm-none-eabi-gcc -o "03-exemplo-hello-world.elf" @"objects.list"   -mcpu=cortex-m0plus -T"C:\Users\User\Desktop\franzininho-c0-exemplos-stm32cubeide\03-exemplo-hello-world\STM32C011F6PX_FLASH.ld" --specs=nosys.specs -Wl,-Map="03-exemplo-hello-world.map" -Wl,--gc-sections -static --specs=nano.specs -mfloat-abi=soft -mthumb -Wl,--start-group -lc -lm -Wl,--end-group
C:/ST/STM32CubeIDE_1.15.1/STM32CubeIDE/plugins/com.st.stm32cube.ide.mcu.externaltools.gnu-tools-for-stm32.12.3.rel1.win32_1.0.100.202403111256/tools/bin/../lib/gcc/arm-none-eabi/12.3.1/../../../../arm-none-eabi/bin/ld.exe: warning: 03-exemplo-hello-world.elf has a LOAD segment with RWX permissions
Finished building target: 03-exemplo-hello-world.elf
 
arm-none-eabi-size  03-exemplo-hello-world.elf 
arm-none-eabi-objdump -h -S 03-exemplo-hello-world.elf  > "03-exemplo-hello-world.list"
arm-none-eabi-objcopy  -O ihex 03-exemplo-hello-world.elf  "03-exemplo-hello-world.hex"
arm-none-eabi-objcopy  -O binary 03-exemplo-hello-world.elf  "03-exemplo-hello-world.bin"
   text	   data	    bss	    dec	    hex	filename
   8624	     20	   1716	  10360	   2878	03-exemplo-hello-world.elf
Finished building: default.size.stdout
Finished building: 03-exemplo-hello-world.list
Finished building: 03-exemplo-hello-world.hex
 
Finished building: 03-exemplo-hello-world.bin
 
 
 

09:53:28 Build Finished. 0 errors, 1 warnings. (took 3s.883ms)

