10:00:22 **** Incremental Build of configuration Debug for project BMP180 ****
make -j4 all 
arm-none-eabi-gcc "../Core/Src/main.c" -mcpu=cortex-m0plus -std=gnu11 -g3 -DDEBUG -DUSE_HAL_DRIVER -DSTM32C011xx -c -I../Core/Inc -I../Drivers/STM32C0xx_HAL_Driver/Inc -I../Drivers/STM32C0xx_HAL_Driver/Inc/Legacy -I../Drivers/CMSIS/Device/ST/STM32C0xx/Include -I../Drivers/CMSIS/Include -O0 -ffunction-sections -fdata-sections -Wall -fstack-usage -fcyclomatic-complexity -MMD -MP -MF"Core/Src/main.d" -MT"Core/Src/main.o" --specs=nano.specs -mfloat-abi=soft -mthumb -o "Core/Src/main.o"
../Core/Src/main.c: In function 'calcularPressaoNivelMar':
../Core/Src/main.c:72:12: warning: unused variable 'altitudeKm' [-Wunused-variable]
   72 |     double altitudeKm = altitudeMetros / 1000.0; // Converter altitude para quilômetros
      |            ^~~~~~~~~~
arm-none-eabi-gcc -o "BMP180.elf" @"objects.list"   -mcpu=cortex-m0plus -T"C:\Users\User\STM32CubeIDE\workspace_1.15.1\ProjetosFranzininho\BMP180\STM32C011F6PX_FLASH.ld" --specs=nosys.specs -Wl,-Map="BMP180.map" -Wl,--gc-sections -static --specs=nano.specs -mfloat-abi=soft -mthumb -Wl,--start-group -lc -lm -Wl,--end-group
Finished building target: BMP180.elf
 
arm-none-eabi-size  BMP180.elf 
arm-none-eabi-objdump -h -S BMP180.elf  > "BMP180.list"
   text	   data	    bss	    dec	    hex	filename
  28044	    112	   2160	  30316	   766c	BMP180.elf
Finished building: default.size.stdout
 
Finished building: BMP180.list
 

10:00:24 Build Finished. 0 errors, 1 warnings. (took 2s.162ms)

