11:40:06 **** Incremental Build of configuration Debug for project display7segmentos ****
make -j4 all 
arm-none-eabi-gcc "../Core/Src/main.c" -mcpu=cortex-m0plus -std=gnu11 -g3 -DDEBUG -DUSE_HAL_DRIVER -DSTM32C011xx -c -I../Core/Inc -I../Drivers/STM32C0xx_HAL_Driver/Inc -I../Drivers/STM32C0xx_HAL_Driver/Inc/Legacy -I../Drivers/CMSIS/Device/ST/STM32C0xx/Include -I../Drivers/CMSIS/Include -O0 -ffunction-sections -fdata-sections -Wall -fstack-usage -fcyclomatic-complexity -MMD -MP -MF"Core/Src/main.d" -MT"Core/Src/main.o" --specs=nano.specs -mfloat-abi=soft -mthumb -o "Core/Src/main.o"
arm-none-eabi-gcc -o "display7segmentos.elf" @"objects.list"   -mcpu=cortex-m0plus -T"C:\Users\User\STM32CubeIDE\workspace_1.15.1\ProjetosFranzininho\display7segmentos\STM32C011F6PX_FLASH.ld" --specs=nosys.specs -Wl,-Map="display7segmentos.map" -Wl,--gc-sections -static --specs=nano.specs -mfloat-abi=soft -mthumb -Wl,--start-group -lc -lm -Wl,--end-group
Finished building target: display7segmentos.elf
 
arm-none-eabi-size  display7segmentos.elf 
arm-none-eabi-objdump -h -S display7segmentos.elf  > "display7segmentos.list"
   text	   data	    bss	    dec	    hex	filename
   5508	     12	   1572	   7092	   1bb4	display7segmentos.elf
Finished building: default.size.stdout
 
Finished building: display7segmentos.list
 

11:40:09 Build Finished. 0 errors, 0 warnings. (took 2s.744ms)

