12:02:41 **** Incremental Build of configuration Debug for project SensorTemperaturaInterno ****
make -j4 all 
arm-none-eabi-gcc "../Core/Src/main.c" -mcpu=cortex-m0plus -std=gnu11 -g3 -DDEBUG -DUSE_HAL_DRIVER -DSTM32C011xx -c -I../Core/Inc -I../Drivers/STM32C0xx_HAL_Driver/Inc -I../Drivers/STM32C0xx_HAL_Driver/Inc/Legacy -I../Drivers/CMSIS/Device/ST/STM32C0xx/Include -I../Drivers/CMSIS/Include -O0 -ffunction-sections -fdata-sections -Wall -fstack-usage -fcyclomatic-complexity -MMD -MP -MF"Core/Src/main.d" -MT"Core/Src/main.o" --specs=nano.specs -mfloat-abi=soft -mthumb -o "Core/Src/main.o"
arm-none-eabi-gcc -o "SensorTemperaturaInterno.elf" @"objects.list"   -mcpu=cortex-m0plus -T"C:\Users\User\STM32CubeIDE\workspace_1.15.1\ProjetosFranzininho\SensorTemperaturaInterno\STM32C011F6PX_FLASH.ld" --specs=nosys.specs -Wl,-Map="SensorTemperaturaInterno.map" -Wl,--gc-sections -static --specs=nano.specs -mfloat-abi=soft -mthumb -Wl,--start-group -lc -lm -Wl,--end-group
Finished building target: SensorTemperaturaInterno.elf
 
arm-none-eabi-size  SensorTemperaturaInterno.elf 
arm-none-eabi-objdump -h -S SensorTemperaturaInterno.elf  > "SensorTemperaturaInterno.list"
   text	   data	    bss	    dec	    hex	filename
  27940	     92	   2372	  30404	   76c4	SensorTemperaturaInterno.elf
Finished building: default.size.stdout
 
Finished building: SensorTemperaturaInterno.list
 
