11:02:31 **** Incremental Build of configuration Debug for project AzureRTOS ****
make -j4 all 
arm-none-eabi-gcc "../Core/Src/app_threadx.c" -mcpu=cortex-m0plus -std=gnu11 -g3 -DDEBUG -DUSE_HAL_DRIVER -DSTM32C011xx -DTX_INCLUDE_USER_DEFINE_FILE -c -I../Core/Inc -I../Drivers/STM32C0xx_HAL_Driver/Inc -I../Drivers/STM32C0xx_HAL_Driver/Inc/Legacy -I../Drivers/CMSIS/Device/ST/STM32C0xx/Include -I../Drivers/CMSIS/Include -I../AZURE_RTOS/App -I../Middlewares/ST/threadx/common/inc -I../Middlewares/ST/threadx/ports/cortex_m0/gnu/inc -O0 -ffunction-sections -fdata-sections -Wall -fstack-usage -fcyclomatic-complexity -MMD -MP -MF"Core/Src/app_threadx.d" -MT"Core/Src/app_threadx.o" --specs=nano.specs -mfloat-abi=soft -mthumb -o "Core/Src/app_threadx.o"
arm-none-eabi-gcc -o "AzureRTOS.elf" @"objects.list"   -mcpu=cortex-m0plus -T"C:\Users\User\STM32CubeIDE\workspace_1.15.1\Franzininho-C0-com-STM32CubeIDE-Artigos\AzureRTOS\STM32C011F6PX_FLASH.ld" --specs=nosys.specs -Wl,-Map="AzureRTOS.map" -Wl,--gc-sections -static --specs=nano.specs -mfloat-abi=soft -mthumb -Wl,--start-group -lc -lm -Wl,--end-group
Finished building target: AzureRTOS.elf
 
arm-none-eabi-size  AzureRTOS.elf 
arm-none-eabi-objdump -h -S AzureRTOS.elf  > "AzureRTOS.list"
   text	   data	    bss	    dec	    hex	filename
  19464	     16	   5920	  25400	   6338	AzureRTOS.elf
Finished building: default.size.stdout
 
Finished building: AzureRTOS.list
 
