08:58:50 **** Incremental Build of configuration Debug for project receptorIr ****
make -j4 all 
arm-none-eabi-gcc "../Core/Src/main.c" -mcpu=cortex-m0plus -std=gnu11 -g3 -DDEBUG -DUSE_HAL_DRIVER -DSTM32C011xx -c -I../Core/Inc -I../Drivers/STM32C0xx_HAL_Driver/Inc -I../Drivers/STM32C0xx_HAL_Driver/Inc/Legacy -I../Drivers/CMSIS/Device/ST/STM32C0xx/Include -I../Drivers/CMSIS/Include -O0 -ffunction-sections -fdata-sections -Wall -fstack-usage -fcyclomatic-complexity -MMD -MP -MF"Core/Src/main.d" -MT"Core/Src/main.o" --specs=nano.specs -mfloat-abi=soft -mthumb -o "Core/Src/main.o"
arm-none-eabi-gcc -o "receptorIr.elf" @"objects.list"   -mcpu=cortex-m0plus -T"C:\Users\User\STM32CubeIDE\workspace_1.15.1\ProjetosFranzininho\receptorIr\STM32C011F6PX_FLASH.ld" --specs=nosys.specs -Wl,-Map="receptorIr.map" -Wl,--gc-sections -static --specs=nano.specs -mfloat-abi=soft -mthumb -Wl,--start-group -lc -lm -Wl,--end-group
Finished building target: receptorIr.elf
 
arm-none-eabi-size  receptorIr.elf 
arm-none-eabi-objdump -h -S receptorIr.elf  > "receptorIr.list"
   text	   data	    bss	    dec	    hex	filename
  14036	     92	   2140	  16268	   3f8c	receptorIr.elf
Finished building: default.size.stdout
 
Finished building: receptorIr.list
 
08:59:27 **** Incremental Build of configuration Debug for project receptorIr ****
make -j4 all 
arm-none-eabi-size  receptorIr.elf 
   text	   data	    bss	    dec	    hex	filename
  14036	     92	   2140	  16268	   3f8c	receptorIr.elf
Finished building: default.size.stdout
 
09:14:31 **** Incremental Build of configuration Debug for project receptorIr ****
make -j4 all 
arm-none-eabi-size  receptorIr.elf 
   text	   data	    bss	    dec	    hex	filename
  14036	     92	   2140	  16268	   3f8c	receptorIr.elf
Finished building: default.size.stdout
 
09:16:03 **** Incremental Build of configuration Debug for project receptorIr ****
make -j4 all 
arm-none-eabi-size  receptorIr.elf 
   text	   data	    bss	    dec	    hex	filename
  14036	     92	   2140	  16268	   3f8c	receptorIr.elf
Finished building: default.size.stdout
 
09:21:55 **** Incremental Build of configuration Debug for project receptorIr ****
make -j4 all 
arm-none-eabi-size  receptorIr.elf 
   text	   data	    bss	    dec	    hex	filename
  14036	     92	   2140	  16268	   3f8c	receptorIr.elf
Finished building: default.size.stdout
 
09:24:58 **** Incremental Build of configuration Debug for project receptorIr ****
make -j4 all 
arm-none-eabi-gcc "../Core/Src/main.c" -mcpu=cortex-m0plus -std=gnu11 -g3 -DDEBUG -DUSE_HAL_DRIVER -DSTM32C011xx -c -I../Core/Inc -I../Drivers/STM32C0xx_HAL_Driver/Inc -I../Drivers/STM32C0xx_HAL_Driver/Inc/Legacy -I../Drivers/CMSIS/Device/ST/STM32C0xx/Include -I../Drivers/CMSIS/Include -O0 -ffunction-sections -fdata-sections -Wall -fstack-usage -fcyclomatic-complexity -MMD -MP -MF"Core/Src/main.d" -MT"Core/Src/main.o" --specs=nano.specs -mfloat-abi=soft -mthumb -o "Core/Src/main.o"
arm-none-eabi-gcc -o "receptorIr.elf" @"objects.list"   -mcpu=cortex-m0plus -T"C:\Users\User\STM32CubeIDE\workspace_1.15.1\ProjetosFranzininho\receptorIr\STM32C011F6PX_FLASH.ld" --specs=nosys.specs -Wl,-Map="receptorIr.map" -Wl,--gc-sections -static --specs=nano.specs -mfloat-abi=soft -mthumb -Wl,--start-group -lc -lm -Wl,--end-group
Finished building target: receptorIr.elf
 
arm-none-eabi-size  receptorIr.elf 
arm-none-eabi-objdump -h -S receptorIr.elf  > "receptorIr.list"
   text	   data	    bss	    dec	    hex	filename
  14032	     92	   2140	  16264	   3f88	receptorIr.elf
Finished building: default.size.stdout
 
Finished building: receptorIr.list
 
09:30:47 **** Incremental Build of configuration Debug for project receptorIr ****
make -j4 all 
arm-none-eabi-gcc "../Core/Src/main.c" -mcpu=cortex-m0plus -std=gnu11 -g3 -DDEBUG -DUSE_HAL_DRIVER -DSTM32C011xx -c -I../Core/Inc -I../Drivers/STM32C0xx_HAL_Driver/Inc -I../Drivers/STM32C0xx_HAL_Driver/Inc/Legacy -I../Drivers/CMSIS/Device/ST/STM32C0xx/Include -I../Drivers/CMSIS/Include -O0 -ffunction-sections -fdata-sections -Wall -fstack-usage -fcyclomatic-complexity -MMD -MP -MF"Core/Src/main.d" -MT"Core/Src/main.o" --specs=nano.specs -mfloat-abi=soft -mthumb -o "Core/Src/main.o"
arm-none-eabi-gcc -o "receptorIr.elf" @"objects.list"   -mcpu=cortex-m0plus -T"C:\Users\User\STM32CubeIDE\workspace_1.15.1\ProjetosFranzininho\receptorIr\STM32C011F6PX_FLASH.ld" --specs=nosys.specs -Wl,-Map="receptorIr.map" -Wl,--gc-sections -static --specs=nano.specs -mfloat-abi=soft -mthumb -Wl,--start-group -lc -lm -Wl,--end-group
Finished building target: receptorIr.elf
 
arm-none-eabi-size  receptorIr.elf 
arm-none-eabi-objdump -h -S receptorIr.elf  > "receptorIr.list"
   text	   data	    bss	    dec	    hex	filename
  14032	     92	   2140	  16264	   3f88	receptorIr.elf
Finished building: default.size.stdout
 
Finished building: receptorIr.list
 
09:31:45 **** Incremental Build of configuration Debug for project receptorIr ****
make -j4 all 
arm-none-eabi-size  receptorIr.elf 
   text	   data	    bss	    dec	    hex	filename
  14032	     92	   2140	  16264	   3f88	receptorIr.elf
Finished building: default.size.stdout
 
09:35:51 **** Incremental Build of configuration Debug for project receptorIr ****
make -j4 all 
arm-none-eabi-gcc "../Core/Src/main.c" -mcpu=cortex-m0plus -std=gnu11 -g3 -DDEBUG -DUSE_HAL_DRIVER -DSTM32C011xx -c -I../Core/Inc -I../Drivers/STM32C0xx_HAL_Driver/Inc -I../Drivers/STM32C0xx_HAL_Driver/Inc/Legacy -I../Drivers/CMSIS/Device/ST/STM32C0xx/Include -I../Drivers/CMSIS/Include -O0 -ffunction-sections -fdata-sections -Wall -fstack-usage -fcyclomatic-complexity -MMD -MP -MF"Core/Src/main.d" -MT"Core/Src/main.o" --specs=nano.specs -mfloat-abi=soft -mthumb -o "Core/Src/main.o"
../Core/Src/main.c: In function 'main':
../Core/Src/main.c:228:63: warning: unknown escape sequence: '\C'
  228 |                  sprintf(uart_tx_buffer, "r\n\Code: 0x%lX\r\n", code);
      |                                                               ^
arm-none-eabi-gcc -o "receptorIr.elf" @"objects.list"   -mcpu=cortex-m0plus -T"C:\Users\User\STM32CubeIDE\workspace_1.15.1\ProjetosFranzininho\receptorIr\STM32C011F6PX_FLASH.ld" --specs=nosys.specs -Wl,-Map="receptorIr.map" -Wl,--gc-sections -static --specs=nano.specs -mfloat-abi=soft -mthumb -Wl,--start-group -lc -lm -Wl,--end-group
Finished building target: receptorIr.elf
 
arm-none-eabi-size  receptorIr.elf 
arm-none-eabi-objdump -h -S receptorIr.elf  > "receptorIr.list"
   text	   data	    bss	    dec	    hex	filename
  14032	     92	   2140	  16264	   3f88	receptorIr.elf
Finished building: default.size.stdout
 
Finished building: receptorIr.list
 
09:36:03 **** Incremental Build of configuration Debug for project receptorIr ****
make -j4 all 
arm-none-eabi-gcc "../Core/Src/main.c" -mcpu=cortex-m0plus -std=gnu11 -g3 -DDEBUG -DUSE_HAL_DRIVER -DSTM32C011xx -c -I../Core/Inc -I../Drivers/STM32C0xx_HAL_Driver/Inc -I../Drivers/STM32C0xx_HAL_Driver/Inc/Legacy -I../Drivers/CMSIS/Device/ST/STM32C0xx/Include -I../Drivers/CMSIS/Include -O0 -ffunction-sections -fdata-sections -Wall -fstack-usage -fcyclomatic-complexity -MMD -MP -MF"Core/Src/main.d" -MT"Core/Src/main.o" --specs=nano.specs -mfloat-abi=soft -mthumb -o "Core/Src/main.o"
../Core/Src/main.c: In function 'main':
../Core/Src/main.c:228:64: warning: unknown escape sequence: '\C'
  228 |                  sprintf(uart_tx_buffer, "\r\n\Code: 0x%lX\r\n", code);
      |                                                                ^
arm-none-eabi-gcc -o "receptorIr.elf" @"objects.list"   -mcpu=cortex-m0plus -T"C:\Users\User\STM32CubeIDE\workspace_1.15.1\ProjetosFranzininho\receptorIr\STM32C011F6PX_FLASH.ld" --specs=nosys.specs -Wl,-Map="receptorIr.map" -Wl,--gc-sections -static --specs=nano.specs -mfloat-abi=soft -mthumb -Wl,--start-group -lc -lm -Wl,--end-group
Finished building target: receptorIr.elf
 
arm-none-eabi-size  receptorIr.elf 
arm-none-eabi-objdump -h -S receptorIr.elf  > "receptorIr.list"
   text	   data	    bss	    dec	    hex	filename
  14032	     92	   2140	  16264	   3f88	receptorIr.elf
Finished building: default.size.stdout
 
Finished building: receptorIr.list
 
